Loading checkpoint shards:   0%|          | 0/4 [00:00<?, ?it/s]Loading checkpoint shards:  25%|██▌       | 1/4 [00:01<00:03,  1.08s/it]Loading checkpoint shards:  50%|█████     | 2/4 [00:02<00:02,  1.22s/it]Loading checkpoint shards:  75%|███████▌  | 3/4 [00:03<00:01,  1.16s/it]Loading checkpoint shards: 100%|██████████| 4/4 [00:03<00:00,  1.22it/s]Loading checkpoint shards: 100%|██████████| 4/4 [00:03<00:00,  1.06it/s]
{'batch': 1, 'question': 0, 'position': 18, 'ar_token': 29722, 'duet_token': 66343, 'hf_top_ids': [66343, 29722, 16195, 11944, 3477], 'hf_top_logits': [16.375, 16.25, 16.125, 15.75, 15.4375], 'ar_logit': 16.25, 'duet_logit': 16.375}
{'batch': 1, 'question': 2, 'position': 4, 'ar_token': 889, 'duet_token': 499, 'hf_top_ids': [889, 499, 304, 8469, 430], 'hf_top_logits': [20.875, 20.75, 20.25, 19.375, 19.0], 'ar_logit': 20.875, 'duet_logit': 20.75}
{'batch': 1, 'question': 3, 'position': 1, 'ar_token': 28597, 'duet_token': 32, 'hf_top_ids': [32, 28597, 10464, 16, 17], 'hf_top_logits': [14.125, 14.125, 13.8125, 13.75, 13.4375], 'ar_logit': 14.125, 'duet_logit': 14.125}
{'batch': 1, 'question': 8, 'position': 63, 'ar_token': 279, 'duet_token': 3293, 'hf_top_ids': [279, 3293, 220, 264, 3347], 'hf_top_logits': [24.25, 24.25, 20.5, 19.875, 18.75], 'ar_logit': 24.25, 'duet_logit': 24.25}
{'batch': 1, 'question': 15, 'position': 1, 'ar_token': 26946, 'duet_token': 14569, 'hf_top_ids': [14569, 26946, 358, 41469, 40], 'hf_top_logits': [11.375, 11.3125, 11.1875, 10.625, 10.4375], 'ar_logit': 11.3125, 'duet_logit': 11.375}
{'batch': 1, 'question': 17, 'position': 60, 'ar_token': 1187, 'duet_token': 508, 'hf_top_ids': [1313, 1187, 508, 914, 777], 'hf_top_logits': [34.0, 34.0, 34.0, 33.75, 33.75], 'ar_logit': 34.0, 'duet_logit': 34.0}
{'batch': 1, 'question': 43, 'position': 36, 'ar_token': 2768, 'duet_token': 9540, 'hf_top_ids': [9540, 2768, 11650, 198, 1614], 'hf_top_logits': [15.8125, 15.6875, 15.5625, 15.4375, 14.8125], 'ar_logit': 15.6875, 'duet_logit': 15.8125}
{'batch': 1, 'question': 44, 'position': 61, 'ar_token': 868, 'duet_token': 23, 'hf_top_ids': [23, 868, 1313, 16, 1682], 'hf_top_logits': [32.0, 32.0, 31.875, 31.875, 31.625], 'ar_logit': 32.0, 'duet_logit': 32.0}
{'batch': 2, 'question': 0, 'position': 62, 'ar_token': 279, 'duet_token': 28621, 'hf_top_ids': [4606, 28621, 279, 1561, 15704], 'hf_top_logits': [19.0, 19.0, 18.875, 18.5, 17.75], 'ar_logit': 18.875, 'duet_logit': 19.0}
{'batch': 2, 'question': 2, 'position': 4, 'ar_token': 499, 'duet_token': 889, 'hf_top_ids': [889, 499, 304, 8469, 430], 'hf_top_logits': [20.875, 20.75, 20.25, 19.375, 19.0], 'ar_logit': 20.75, 'duet_logit': 20.875}
{'batch': 2, 'question': 4, 'position': 12, 'ar_token': 627, 'duet_token': 13, 'hf_top_ids': [13, 627, 382, 304, 323], 'hf_top_logits': [18.0, 18.0, 17.75, 17.125, 16.75], 'ar_logit': 18.0, 'duet_logit': 18.0}
{'batch': 2, 'question': 7, 'position': 4, 'ar_token': 279, 'duet_token': 20323, 'hf_top_ids': [20323, 1884, 279, 1521, 7100], 'hf_top_logits': [15.1875, 15.125, 15.125, 15.125, 14.3125], 'ar_logit': 15.125, 'duet_logit': 15.1875}
{'batch': 2, 'question': 15, 'position': 1, 'ar_token': 26946, 'duet_token': 14569, 'hf_top_ids': [14569, 26946, 358, 41469, 40], 'hf_top_logits': [11.375, 11.3125, 11.1875, 10.625, 10.4375], 'ar_logit': 11.3125, 'duet_logit': 11.375}
{'batch': 2, 'question': 17, 'position': 45, 'ar_token': 45041, 'duet_token': 596, 'hf_top_ids': [596, 45041, 4741, 45067, 29315], 'hf_top_logits': [18.25, 18.25, 17.5, 17.375, 17.125], 'ar_logit': 18.25, 'duet_logit': 18.25}
{'batch': 2, 'question': 22, 'position': 30, 'ar_token': 10471, 'duet_token': 53795, 'hf_top_ids': [10471, 53795, 279, 1124, 433], 'hf_top_logits': [22.25, 22.25, 21.75, 20.875, 20.5], 'ar_logit': 22.25, 'duet_logit': 22.25}
{'batch': 2, 'question': 32, 'position': 28, 'ar_token': 1980, 'duet_token': 30, 'hf_top_ids': [30, 1980, 11, 5380, 323], 'hf_top_logits': [19.0, 19.0, 18.5, 17.75, 16.375], 'ar_logit': 19.0, 'duet_logit': 19.0}
{'batch': 2, 'question': 40, 'position': 28, 'ar_token': 323, 'duet_token': 11, 'hf_top_ids': [323, 11, 13, 439, 36658], 'hf_top_logits': [22.75, 22.625, 18.5, 16.75, 16.625], 'ar_logit': 22.75, 'duet_logit': 22.625}
{'batch': 2, 'question': 41, 'position': 58, 'ar_token': 438, 'duet_token': 11, 'hf_top_ids': [11, 438, 791, 1, 998], 'hf_top_logits': [15.0, 15.0, 14.3125, 14.3125, 14.1875], 'ar_logit': 15.0, 'duet_logit': 15.0}
{'batch': 2, 'question': 43, 'position': 23, 'ar_token': 2366, 'duet_token': 679, 'hf_top_ids': [679, 2366, 1049, 3753, 5162], 'hf_top_logits': [27.625, 27.625, 25.0, 23.625, 21.5], 'ar_logit': 27.625, 'duet_logit': 27.625}
{'batch': 4, 'question': 0, 'position': 62, 'ar_token': 279, 'duet_token': 28621, 'hf_top_ids': [4606, 28621, 279, 1561, 15704], 'hf_top_logits': [19.0, 19.0, 18.875, 18.5, 17.75], 'ar_logit': 18.875, 'duet_logit': 19.0}
{'batch': 4, 'question': 5, 'position': 10, 'ar_token': 10959, 'duet_token': 5573, 'hf_top_ids': [5573, 10959, 315, 5818, 3477], 'hf_top_logits': [19.375, 19.375, 19.0, 17.125, 17.0], 'ar_logit': 19.375, 'duet_logit': 19.375}
{'batch': 4, 'question': 11, 'position': 2, 'ar_token': 1666, 'duet_token': 662, 'hf_top_ids': [1666, 662, 320, 702, 45562], 'hf_top_logits': [9.4375, 9.375, 9.3125, 9.1875, 9.125], 'ar_logit': 9.4375, 'duet_logit': 9.375}
{'batch': 4, 'question': 15, 'position': 1, 'ar_token': 26946, 'duet_token': 14569, 'hf_top_ids': [14569, 26946, 358, 41469, 40], 'hf_top_logits': [11.375, 11.3125, 11.1875, 10.625, 10.4375], 'ar_logit': 11.3125, 'duet_logit': 11.375}
{'batch': 4, 'question': 22, 'position': 6, 'ar_token': 14639, 'duet_token': 13, 'hf_top_ids': [14639, 13, 11, 23189, 304], 'hf_top_logits': [14.375, 14.25, 13.4375, 12.9375, 12.875], 'ar_logit': 14.375, 'duet_logit': 14.25}
{'batch': 4, 'question': 23, 'position': 42, 'ar_token': 33980, 'duet_token': 1962, 'hf_top_ids': [1962, 33980, 58517, 911, 82], 'hf_top_logits': [18.375, 18.375, 17.625, 17.5, 17.375], 'ar_logit': 18.375, 'duet_logit': 18.375}
{'batch': 4, 'question': 32, 'position': 28, 'ar_token': 1980, 'duet_token': 30, 'hf_top_ids': [30, 1980, 11, 5380, 323], 'hf_top_logits': [19.0, 19.0, 18.5, 17.75, 16.375], 'ar_logit': 19.0, 'duet_logit': 19.0}
{'batch': 4, 'question': 35, 'position': 27, 'ar_token': 24, 'duet_token': 18, 'hf_top_ids': [24, 605, 20, 18, 16], 'hf_top_logits': [23.125, 23.125, 23.0, 23.0, 22.75], 'ar_logit': 23.125, 'duet_logit': 23.0}
{'batch': 4, 'question': 40, 'position': 28, 'ar_token': 323, 'duet_token': 11, 'hf_top_ids': [323, 11, 13, 439, 36658], 'hf_top_logits': [22.75, 22.625, 18.5, 16.75, 16.625], 'ar_logit': 22.75, 'duet_logit': 22.625}
{'batch': 4, 'question': 41, 'position': 58, 'ar_token': 438, 'duet_token': 11, 'hf_top_ids': [11, 438, 791, 1, 998], 'hf_top_logits': [15.0, 15.0, 14.3125, 14.3125, 14.1875], 'ar_logit': 15.0, 'duet_logit': 15.0}
{'batch': 4, 'question': 43, 'position': 56, 'ar_token': 4410, 'duet_token': 21073, 'hf_top_ids': [21073, 4410, 6652, 49832, 1561], 'hf_top_logits': [21.0, 20.875, 20.625, 20.125, 19.875], 'ar_logit': 20.875, 'duet_logit': 21.0}
{'batch': 4, 'question': 46, 'position': 8, 'ar_token': 30945, 'duet_token': 10474, 'hf_top_ids': [10474, 30945, 7106, 1920, 198], 'hf_top_logits': [19.625, 19.625, 18.0, 17.375, 17.25], 'ar_logit': 19.625, 'duet_logit': 19.625}
{'batch': 8, 'question': 1, 'position': 1, 'ar_token': 374, 'duet_token': 527, 'hf_top_ids': [527, 374, 656, 753, 690], 'hf_top_logits': [17.125, 17.0, 16.0, 15.5, 15.5], 'ar_logit': 17.0, 'duet_logit': 17.125}
{'batch': 8, 'question': 4, 'position': 12, 'ar_token': 13, 'duet_token': 627, 'hf_top_ids': [13, 627, 382, 304, 323], 'hf_top_logits': [18.0, 18.0, 17.75, 17.125, 16.75], 'ar_logit': 18.0, 'duet_logit': 18.0}
{'batch': 8, 'question': 5, 'position': 25, 'ar_token': 6928, 'duet_token': 5818, 'hf_top_ids': [6928, 8544, 5818, 8389, 3115], 'hf_top_logits': [16.5, 16.375, 16.375, 15.3125, 14.8125], 'ar_logit': 16.5, 'duet_logit': 16.375}
{'batch': 8, 'question': 10, 'position': 0, 'ar_token': 52410, 'duet_token': 20832, 'hf_top_ids': [128001, 52410, 20832, 362, 578], 'hf_top_logits': [9.25, 9.1875, 9.1875, 9.125, 8.875], 'ar_logit': 9.1875, 'duet_logit': 9.1875}
{'batch': 8, 'question': 17, 'position': 45, 'ar_token': 596, 'duet_token': 45041, 'hf_top_ids': [596, 45041, 4741, 45067, 29315], 'hf_top_logits': [18.25, 18.25, 17.5, 17.375, 17.125], 'ar_logit': 18.25, 'duet_logit': 18.25}
{'batch': 8, 'question': 22, 'position': 30, 'ar_token': 53795, 'duet_token': 10471, 'hf_top_ids': [10471, 53795, 279, 1124, 433], 'hf_top_logits': [22.25, 22.25, 21.75, 20.875, 20.5], 'ar_logit': 22.25, 'duet_logit': 22.25}
{'batch': 8, 'question': 32, 'position': 28, 'ar_token': 1980, 'duet_token': 30, 'hf_top_ids': [30, 1980, 11, 5380, 323], 'hf_top_logits': [19.0, 19.0, 18.5, 17.75, 16.375], 'ar_logit': 19.0, 'duet_logit': 19.0}
{'batch': 8, 'question': 35, 'position': 27, 'ar_token': 24, 'duet_token': 18, 'hf_top_ids': [24, 605, 20, 18, 16], 'hf_top_logits': [23.125, 23.125, 23.0, 23.0, 22.75], 'ar_logit': 23.125, 'duet_logit': 23.0}
{'batch': 8, 'question': 40, 'position': 28, 'ar_token': 323, 'duet_token': 11, 'hf_top_ids': [323, 11, 13, 439, 36658], 'hf_top_logits': [22.75, 22.625, 18.5, 16.75, 16.625], 'ar_logit': 22.75, 'duet_logit': 22.625}
{'batch': 8, 'question': 41, 'position': 60, 'ar_token': 279, 'duet_token': 264, 'hf_top_ids': [279, 264, 574, 1364, 304], 'hf_top_logits': [10.875, 10.8125, 10.4375, 10.1875, 9.4375], 'ar_logit': 10.875, 'duet_logit': 10.8125}
