{
  "scope": "Exact prospective fanout diagnostic on 1/32 raw snapshots; known expanded contexts only.",
  "verification": {
    "random_small_vocab_cases": 350,
    "max_enumeration_error": 9.547918011776346e-15,
    "two_node_example": {
      "breadth": 0.26,
      "optimum": 0.8
    }
  },
  "contexts": 2191,
  "questions": 435,
  "phase_counts": {
    "2": 407,
    "1": 1784
  },
  "original_8_prompt_gain_curves": {
    "1": [
      0.8414730725813502,
      0.9120163014298007
    ],
    "2": [
      0.7045681524022953,
      0.7829208453864489
    ]
  },
  "summary": {
    "all": {
      "contexts": 2191,
      "means": {
        "g1": 0.7406598712074944,
        "g2": 0.823143401425794,
        "second_increment": 0.08248353021829977,
        "nonconcave": 0.05118754715968014,
        "weighted_first": 0.5359274016697796,
        "weighted_second": 0.053323278448736466
      },
      "pair_comparisons": 519,
      "allocation_means": {
        "breadth": 0.5079961627035451,
        "oracle": 0.5633517628890564,
        "gap": 0.055355600185511306,
        "changed": 0.7823971360429693,
        "q_curve": 0.5151432469763789,
        "frozen_curve": 0.5243309029730515,
        "rho_curve": 0.5615694590282615,
        "frozen_oracle_g": 0.5435343491864769,
        "frozen_curve_changed": 0.4098053952220619
      },
      "gap_ci": {
        "mean": 0.055355600185511306,
        "ci95": [
          0.04407639173454849,
          0.06757662402411713
        ],
        "questions": 236
      },
      "curve_vs_breadth": {
        "q_curve": {
          "mean": 0.007147084272833837,
          "ci95": [
            -0.007582500244751811,
            0.02183677809054411
          ],
          "questions": 236
        },
        "frozen_curve": {
          "mean": 0.01633474026950643,
          "ci95": [
            0.004739686396152194,
            0.02828126900142266
          ],
          "questions": 236
        },
        "rho_curve": {
          "mean": 0.05357329632471641,
          "ci95": [
            0.042334658251222526,
            0.0656660245452254
          ],
          "questions": 236
        },
        "frozen_oracle_g": {
          "mean": 0.03553818648293183,
          "ci95": [
            0.023674195739928006,
            0.04787915399303053
          ],
          "questions": 236
        }
      }
    },
    "1": {
      "contexts": 1784,
      "means": {
        "g1": 0.7616220214077515,
        "g2": 0.841397588532096,
        "second_increment": 0.07977556712434448,
        "nonconcave": 0.04597209066269406,
        "weighted_first": 0.5447715556748336,
        "weighted_second": 0.05015436432007082
      },
      "pair_comparisons": 385,
      "allocation_means": {
        "breadth": 0.5618037776750582,
        "oracle": 0.6154181546794993,
        "gap": 0.053614377004441195,
        "changed": 0.774123711684853,
        "q_curve": 0.5757087667379178,
        "frozen_curve": 0.5812018368154345,
        "rho_curve": 0.6134768005937796,
        "frozen_oracle_g": 0.5958858794529724,
        "frozen_curve_changed": 0.43663039431381817
      },
      "gap_ci": {
        "mean": 0.053614377004441195,
        "ci95": [
          0.039319020199324164,
          0.07073990215860645
        ],
        "questions": 180
      },
      "curve_vs_breadth": {
        "q_curve": {
          "mean": 0.01390498906285964,
          "ci95": [
            -0.0026969039149000802,
            0.031472625952853626
          ],
          "questions": 180
        },
        "frozen_curve": {
          "mean": 0.01939805914037629,
          "ci95": [
            0.007144497908559421,
            0.03525497093912525
          ],
          "questions": 180
        },
        "rho_curve": {
          "mean": 0.051673022918721445,
          "ci95": [
            0.037273491774203076,
            0.06900189302556299
          ],
          "questions": 180
        },
        "frozen_oracle_g": {
          "mean": 0.034082101777914264,
          "ci95": [
            0.019168717159983875,
            0.05148581768560587
          ],
          "questions": 180
        }
      }
    },
    "2": {
      "contexts": 407,
      "means": {
        "g1": 0.6783049605137265,
        "g2": 0.7683925155852362,
        "second_increment": 0.09008755507150994,
        "nonconcave": 0.061202916671138446,
        "weighted_first": 0.5284081884349933,
        "weighted_second": 0.06649689578262412
      },
      "pair_comparisons": 134,
      "allocation_means": {
        "breadth": 0.35931365399536336,
        "oracle": 0.4207337979719427,
        "gap": 0.06142014397657939,
        "changed": 0.7943121693121693,
        "q_curve": 0.3549913921061718,
        "frozen_curve": 0.3700773634187599,
        "rho_curve": 0.41953048216798594,
        "frozen_oracle_g": 0.3987096918085258,
        "frozen_curve_changed": 0.3101263962375073
      },
      "gap_ci": {
        "mean": 0.06142014397657939,
        "ci95": [
          0.039772053435368104,
          0.08678071797243499
        ],
        "questions": 70
      },
      "curve_vs_breadth": {
        "q_curve": {
          "mean": -0.004322261889191548,
          "ci95": [
            -0.02513875146521622,
            0.015267201520301638
          ],
          "questions": 70
        },
        "frozen_curve": {
          "mean": 0.01076370942339655,
          "ci95": [
            -0.006591165546100088,
            0.029958704699197588
          ],
          "questions": 70
        },
        "rho_curve": {
          "mean": 0.06021682817262258,
          "ci95": [
            0.038439304843757224,
            0.08583419868230381
          ],
          "questions": 70
        },
        "frozen_oracle_g": {
          "mean": 0.03939603781316242,
          "ci95": [
            0.018908201157450285,
            0.0641312769179065
          ],
          "questions": 70
        }
      }
    }
  }
}
