T 0.5 prompts 96
bounded_subtraction policy::floor0.75__full__expected_mix0.25 {'mean': 0.913267716575518, 'ci95': [0.8999766108647396, 0.9259458054906676]} {'mean': 0.02395901703759718, 'ci95': [0.014568839217064169, 0.03402238176111896]} {'mean': 0.0143802251444448, 'ci95': [0.008783059023911534, 0.02057136677296113]}
local_gate policy::qpeak0.9__full__expected_mix0.25 {'mean': 0.9062220785283831, 'ci95': [0.891582746276812, 0.9198929770513512]} {'mean': 0.01691337899046223, 'ci95': [0.00783085558955628, 0.026280661901972174]} {'mean': 0.007334587097309848, 'ci95': [0.0005974677761037399, 0.01418634041897926]}
proxy_allocation policy::proxy__full__uniform0.05 {'mean': 0.8988874914310733, 'ci95': [0.8826024835819607, 0.9141867739966907]} {'mean': 0.009578791893152382, 'ci95': [0.0009059905229735237, 0.01865283026265469]} {'mean': 0.0, 'ci95': [0.0, 0.0]}
rank_only policy::keep12__full__uniform0.05 {'mean': 0.8988839978981181, 'ci95': [0.8825552583974641, 0.9141531066161427]} {'mean': 0.009575298360197151, 'ci95': [0.0009012484074230772, 0.018619230886382756]} {'mean': -3.4935329552299626e-06, 'ci95': [-6.954174086077871e-05, 6.0315997424450346e-05]}
residual_allocation policy::residual__full__expected_mix0.75 {'mean': 0.8625671750304963, 'ci95': [0.8450533683088086, 0.8796169313832344]} {'mean': -0.02674152450742459, 'ci95': [-0.035779468228003784, -0.01783376071482981]} {'mean': -0.03632031640057697, 'ci95': [-0.045772143488093844, -0.02712275408895528]}
source_temperature policy::source_tau1.1__full__expected_mix0.5 {'mean': 0.868104296790534, 'ci95': [0.8510092702919262, 0.8847954172286652]} {'mean': -0.021204402747386816, 'ci95': [-0.031050154991886302, -0.011074597140102636]} {'mean': -0.0307831946405392, 'ci95': [-0.04132439855258571, -0.020073689805946184]}
overall policy::floor0.75__full__expected_mix0.25 {'mean': 0.913267716575518, 'ci95': [0.8999766108647396, 0.9259458054906676]} {'mean': 0.02395901703759718, 'ci95': [0.014568839217064169, 0.03402238176111896]} {'mean': 0.0143802251444448, 'ci95': [0.008783059023911534, 0.02057136677296113]}
source_only policy::floor0.75__topm__original {'mean': 0.8882636403279233, 'ci95': [0.8695229876810017, 0.9060004644740728]} {'mean': -0.0010450592099976337, 'ci95': [-0.0036060471510702295, 0.0010774585670907714]} {'mean': -0.010623851103150016, 'ci95': [-0.01981558944002907, -0.0018803490488728501]}
original_proxy policy::proxy__topm__original {'mean': 0.8893086995379209, 'ci95': [0.8706679409888238, 0.9069439877704237]} {'mean': 0.0, 'ci95': [0.0, 0.0]} {'mean': -0.009578791893152382, 'ci95': [-0.018652830262654685, -0.0009059905229735224]}
original_residual policy::residual__topm__original {'mean': 0.8509982782557137, 'ci95': [0.8304042271638424, 0.8706029947619132]} {'mean': -0.0383104212822071, 'ci95': [-0.046388721421365214, -0.030837088744202986]} {'mean': -0.04788921317535949, 'ci95': [-0.059712845344516506, -0.03665745967681393]}
T 0.7 prompts 96
bounded_subtraction policy::complement_power1__full__expected_mix0.25 {'mean': 0.8443047116286679, 'ci95': [0.8267850175452921, 0.8605070908163047]} {'mean': 0.02388046454715555, 'ci95': [0.016172211827462646, 0.03207255716818963]} {'mean': -8.773010703533375e-05, 'ci95': [-0.002686553925722643, 0.0023956685354132186]}
local_gate policy::qpeak0.9__full__expected_mix0.25 {'mean': 0.8415107367506648, 'ci95': [0.8248723330743946, 0.857226184388881]} {'mean': 0.02108648966915243, 'ci95': [0.013924956892764464, 0.028612268686024473]} {'mean': -0.002881704985038456, 'ci95': [-0.005027184883992895, -0.0011465753079692763]}
proxy_allocation policy::proxy__full__expected_mix0.25 {'mean': 0.8443924417357034, 'ci95': [0.8276242642731667, 0.8600522192303729]} {'mean': 0.02396819465419089, 'ci95': [0.01680187993227687, 0.03148419052590823]} {'mean': 0.0, 'ci95': [0.0, 0.0]}
rank_only policy::interval1__full__expected_mix0.25 {'mean': 0.8443924417357034, 'ci95': [0.8276242642731667, 0.8600522192303729]} {'mean': 0.02396819465419089, 'ci95': [0.01680187993227687, 0.03148419052590823]} {'mean': 0.0, 'ci95': [0.0, 0.0]}
residual_allocation policy::residual__full__uniform0.05 {'mean': 0.7952748062816436, 'ci95': [0.7725799390765282, 0.8161332431512847]} {'mean': -0.025149440799868777, 'ci95': [-0.035519019016486755, -0.01597883396687693]} {'mean': -0.049117635454059665, 'ci95': [-0.06209826278520546, -0.03787830627277264]}
source_temperature policy::source_tau1.1__full__uniform0.05 {'mean': 0.7941649677963092, 'ci95': [0.7710816739959703, 0.8149030736843805]} {'mean': -0.0262592792852032, 'ci95': [-0.03690544254887066, -0.01702574579443075]} {'mean': -0.050227473939394085, 'ci95': [-0.06362601136272432, -0.03856226667515871]}
overall policy::complement_power1__full__expected_mix0.25 {'mean': 0.8443047116286679, 'ci95': [0.8267850175452921, 0.8605070908163047]} {'mean': 0.02388046454715555, 'ci95': [0.016172211827462646, 0.03207255716818963]} {'mean': -8.773010703533375e-05, 'ci95': [-0.002686553925722643, 0.0023956685354132186]}
source_only policy::complement_power1__topm__original {'mean': 0.8204101909774209, 'ci95': [0.8029642502533532, 0.8371341319543613]} {'mean': -1.405610409160986e-05, 'ci95': [-0.0009349916073079387, 0.001030944872036452]} {'mean': -0.023982250758282496, 'ci95': [-0.03152523743957789, -0.016906280066065368]}
original_proxy policy::proxy__topm__original {'mean': 0.8204242470815123, 'ci95': [0.8028770816260977, 0.837243007714793]} {'mean': 0.0, 'ci95': [0.0, 0.0]} {'mean': -0.02396819465419089, 'ci95': [-0.03148419052590822, -0.01680187993227687]}
original_residual policy::residual__topm__original {'mean': 0.7827512686664451, 'ci95': [0.7593047305619006, 0.8044922721836493]} {'mean': -0.037672978415067226, 'ci95': [-0.047319131280538294, -0.028995114368902716]} {'mean': -0.061641173069258114, 'ci95': [-0.07474389018830205, -0.050000066696824316]}
T 1.0 prompts 96
bounded_subtraction policy::complement_power0.5__full__expected_mix0.25 {'mean': 0.6681173368048446, 'ci95': [0.6491687853429219, 0.6865570278058674]} {'mean': 0.017723520828629484, 'ci95': [0.01218862865819113, 0.023647263437149194]} {'mean': 0.0012528486506010975, 'ci95': [0.00046449173534283256, 0.002091814662181514]}
local_gate policy::qpeak0.9__full__expected_mix0.25 {'mean': 0.6659631104195094, 'ci95': [0.6470306184972845, 0.6843089578866794]} {'mean': 0.015569294443294218, 'ci95': [0.009948563098575032, 0.0214172814020307]} {'mean': -0.0009013777347341699, 'ci95': [-0.0020633457078953407, -9.096962298196959e-05]}
proxy_allocation policy::proxy__full__expected_mix0.25 {'mean': 0.6668644881542436, 'ci95': [0.6479858741167203, 0.685168604571306]} {'mean': 0.016470672178028386, 'ci95': [0.011033687142242135, 0.0224288696366527]} {'mean': 0.0, 'ci95': [0.0, 0.0]}
rank_only policy::interval1__full__expected_mix0.25 {'mean': 0.6668644881542436, 'ci95': [0.6479858741167203, 0.685168604571306]} {'mean': 0.016470672178028386, 'ci95': [0.011033687142242135, 0.0224288696366527]} {'mean': 0.0, 'ci95': [0.0, 0.0]}
residual_allocation policy::residual__full__expected_mix0.25 {'mean': 0.6286799850919718, 'ci95': [0.6119772372267576, 0.6454112639207569]} {'mean': -0.021713830884243435, 'ci95': [-0.03200465192412133, -0.011879396649623293]} {'mean': -0.03818450306227182, 'ci95': [-0.04806087534258356, -0.02862855328574472]}
source_temperature policy::source_tau0.9__full__expected_mix0.25 {'mean': 0.6306418111377783, 'ci95': [0.6137756356856097, 0.6474155363195451]} {'mean': -0.019752004838436886, 'ci95': [-0.0290589322117929, -0.010681113081344215]} {'mean': -0.03622267701646527, 'ci95': [-0.04475015817374677, -0.027703939437013183]}
overall policy::complement_power0.5__full__expected_mix0.25 {'mean': 0.6681173368048446, 'ci95': [0.6491687853429219, 0.6865570278058674]} {'mean': 0.017723520828629484, 'ci95': [0.01218862865819113, 0.023647263437149194]} {'mean': 0.0012528486506010975, 'ci95': [0.00046449173534283256, 0.002091814662181514]}
source_only policy::interval1__topm__original {'mean': 0.6503938159762153, 'ci95': [0.6312629913260834, 0.6694738067879927]} {'mean': 0.0, 'ci95': [0.0, 0.0]} {'mean': -0.016470672178028386, 'ci95': [-0.0224288696366527, -0.011033687142242135]}
original_proxy policy::proxy__topm__original {'mean': 0.6503938159762153, 'ci95': [0.6312629913260834, 0.6694738067879927]} {'mean': 0.0, 'ci95': [0.0, 0.0]} {'mean': -0.016470672178028386, 'ci95': [-0.0224288696366527, -0.011033687142242135]}
original_residual policy::residual__topm__original {'mean': 0.617616916635068, 'ci95': [0.6004268647154549, 0.6348246158406778]} {'mean': -0.03277689934114725, 'ci95': [-0.04282932493316344, -0.023522950330622225]} {'mean': -0.04924757151917564, 'ci95': [-0.060031070893349574, -0.03900392681542354]}
