alpaca_seed123 1/13
alpaca_seed123 5/13
alpaca_seed123 9/13
alpaca_seed123 13/13
finished alpaca_seed123: 392 steps, 2775 metrics
alpaca_seed42 1/12
alpaca_seed42 5/12
alpaca_seed42 9/12
finished alpaca_seed42: 382 steps, 2775 metrics
c4_seed123 1/13
c4_seed123 5/13
c4_seed123 9/13
c4_seed123 13/13
finished c4_seed123: 396 steps, 2775 metrics
c4_seed42 1/13
c4_seed42 5/13
c4_seed42 9/13
c4_seed42 13/13
finished c4_seed42: 388 steps, 2775 metrics
gsm_seed123 1/13
gsm_seed123 5/13
gsm_seed123 9/13
gsm_seed123 13/13
finished gsm_seed123: 385 steps, 2775 metrics
gsm_seed42 1/13
gsm_seed42 5/13
gsm_seed42 9/13
gsm_seed42 13/13
finished gsm_seed42: 403 steps, 2775 metrics
humaneval_seed123 1/10
humaneval_seed123 5/10
humaneval_seed123 9/10
finished humaneval_seed123: 315 steps, 2775 metrics
humaneval_seed42 1/11
humaneval_seed42 5/11
humaneval_seed42 9/11
finished humaneval_seed42: 334 steps, 2775 metrics
alpaca_seed7 1/13
alpaca_seed7 5/13
alpaca_seed7 9/13
alpaca_seed7 13/13
finished alpaca_seed7: 398 steps, 2775 metrics
c4_seed7 1/13
c4_seed7 5/13
c4_seed7 9/13
c4_seed7 13/13
finished c4_seed7: 390 steps, 2775 metrics
gsm_seed7 1/13
gsm_seed7 5/13
gsm_seed7 9/13
gsm_seed7 13/13
finished gsm_seed7: 388 steps, 2775 metrics
humaneval_seed7 1/11
humaneval_seed7 5/11
humaneval_seed7 9/11
finished humaneval_seed7: 333 steps, 2775 metrics
mixed_t0.5_seed101 1/20
mixed_t0.5_seed101 5/20
mixed_t0.5_seed101 9/20
mixed_t0.5_seed101 13/20
mixed_t0.5_seed101 17/20
finished mixed_t0.5_seed101: 624 steps, 2775 metrics
mixed_t0.7_seed101 1/21
mixed_t0.7_seed101 5/21
mixed_t0.7_seed101 9/21
mixed_t0.7_seed101 13/21
mixed_t0.7_seed101 17/21
mixed_t0.7_seed101 21/21
finished mixed_t0.7_seed101: 668 steps, 2775 metrics
