{
  "difference": 0.9819322824478149,
  "step": 331,
  "seq_id": 4,
  "reference_h": [
    0.8446099758148193,
    1.431500550097553e-05,
    0.009906983003020287,
    0.04563476890325546,
    0.09983399510383606
  ],
  "runtime_h": [
    0.8446099758148193,
    1.431500550097553e-05,
    0.009906983003020287,
    0.04563476890325546,
    0.09983398765325546
  ],
  "true_h": [
    0.9951878786087036,
    1.640774280531332e-05,
    8.536636596545577e-05,
    0.0,
    0.004710327368229628
  ],
  "sum_eligible_e": [
    0.9713537693023682,
    3.904709228663705e-05,
    0.06962013989686966,
    0.8097776174545288,
    1.0
  ],
  "mean_alpha": [
    0.20365990698337555,
    0.9997188448905945,
    0.9330122470855713,
    0.8662335872650146
  ],
  "ref_score": [
    0.3230178654193878,
    0.07672347873449326,
    0.06955789774656296,
    0.045132625848054886,
    0.043715719133615494,
    0.030045341700315475,
    0.023399338126182556,
    0.016521448269486427,
    0.014642927795648575,
    0.010383395478129387,
    0.009454184211790562,
    0.00916331447660923,
    0.006916829384863377,
    0.0064977603033185005,
    0.0055578299798071384
  ],
  "runtime_score": [
    0.3230178654193878,
    0.07672347873449326,
    0.06955789029598236,
    0.045132625848054886,
    0.043715719133615494,
    0.030045341700315475,
    0.023399338126182556,
    0.016521448269486427,
    0.014642927795648575,
    0.010383395478129387,
    0.009454184211790562,
    0.00916331447660923,
    0.006916829384863377,
    0.0064977603033185005,
    0.0055578299798071384
  ],
  "reference_pairs": [
    [
      0,
      26414
    ],
    [
      0,
      10876
    ],
    [
      4,
      1053
    ],
    [
      3,
      13
    ],
    [
      0,
      5190
    ],
    [
      0,
      13223
    ],
    [
      0,
      337
    ],
    [
      4,
      515
    ],
    [
      0,
      1243
    ],
    [
      0,
      6987
    ],
    [
      0,
      4321
    ],
    [
      0,
      11451
    ],
    [
      0,
      1852
    ],
    [
      0,
      8325
    ],
    [
      0,
      285
    ]
  ],
  "runtime_pairs": [
    [
      0,
      26414
    ],
    [
      0,
      10876
    ],
    [
      4,
      1053
    ],
    [
      3,
      13
    ],
    [
      0,
      5190
    ],
    [
      0,
      13223
    ],
    [
      0,
      337
    ],
    [
      4,
      515
    ],
    [
      0,
      1243
    ],
    [
      0,
      6987
    ],
    [
      0,
      4321
    ],
    [
      0,
      11451
    ],
    [
      0,
      1852
    ],
    [
      0,
      8325
    ],
    [
      0,
      437
    ]
  ]
}
