[
  {
    "temperature": 0.5,
    "policy": "policy::floor0.75__full__expected_mix0.25",
    "max_score_error": 0.0,
    "graph_ms": 0.11560749053955079
  },
  {
    "temperature": 0.5,
    "policy": "policy::proxy__full__uniform0.05",
    "max_score_error": 0.0,
    "graph_ms": 0.09618736267089843
  },
  {
    "temperature": 0.5,
    "policy": "policy::proxy__topm__original",
    "max_score_error": 0.0,
    "graph_ms": 0.08510486602783203
  },
  {
    "temperature": 0.7,
    "policy": "policy::complement_power1__full__expected_mix0.25",
    "max_score_error": 0.0,
    "graph_ms": 0.10645295715332032
  },
  {
    "temperature": 0.7,
    "policy": "policy::proxy__full__expected_mix0.25",
    "max_score_error": 0.0,
    "graph_ms": 0.10120162963867188
  },
  {
    "temperature": 0.7,
    "policy": "policy::proxy__topm__original",
    "max_score_error": 0.0,
    "graph_ms": 0.08687042999267579
  },
  {
    "temperature": 1.0,
    "policy": "policy::complement_power0.5__full__expected_mix0.25",
    "max_score_error": 0.0,
    "graph_ms": 0.1060928955078125
  },
  {
    "temperature": 1.0,
    "policy": "policy::proxy__full__expected_mix0.25",
    "max_score_error": 0.0,
    "graph_ms": 0.10333853149414063
  },
  {
    "temperature": 1.0,
    "policy": "policy::proxy__topm__original",
    "max_score_error": 0.0,
    "graph_ms": 0.08690342712402344
  }
]
