T 0.5 prompts 64
bounded_subtraction policy::floor0.75__full__expected_mix0.25 {'mean': 0.9235464025020287, 'ci95': [0.9095554751362106, 0.9369213608614091]} {'mean': 0.03508406245785485, 'ci95': [0.022193752977968884, 0.04827708245840753]} {'mean': 0.0024997299184975497, 'ci95': [-0.004095044232841601, 0.008987410502173337]}
local_gate policy::qpeak0.9__full__expected_mix0.25 {'mean': 0.9124939027745956, 'ci95': [0.8973708203642123, 0.9270631881982595]} {'mean': 0.02403156273042191, 'ci95': [0.012486062686629124, 0.03612215600933088]} {'mean': -0.008552769808935394, 'ci95': [-0.016620517833705023, -0.0007207233790358051]}
proxy_allocation policy::proxy__full__uniform0.05 {'mean': 0.9210466725835311, 'ci95': [0.9067147478891907, 0.9343614731184141]} {'mean': 0.0325843325393573, 'ci95': [0.021702313189168203, 0.044000290803626135]} {'mean': 0.0, 'ci95': [0.0, 0.0]}
rank_only policy::keep12__full__uniform0.05 {'mean': 0.9210476179276845, 'ci95': [0.9067157405005518, 0.9343614731184141]} {'mean': 0.032585277883510684, 'ci95': [0.021702313189168203, 0.04400218149193289]} {'mean': 9.453441533763957e-07, 'ci95': [0.0, 2.836032460129187e-06]}
residual_allocation policy::residual__full__expected_mix0.75 {'mean': 0.863166822853362, 'ci95': [0.8409577981716521, 0.8847417349131284]} {'mean': -0.025295517190811908, 'ci95': [-0.041215309046912535, -0.009498971167419856]} {'mean': -0.057879849730169214, 'ci95': [-0.07516307001556315, -0.04193397723188103]}
source_temperature policy::source_tau1.1__full__expected_mix0.5 {'mean': 0.8654279879270783, 'ci95': [0.8435244329671246, 0.8863528063263927]} {'mean': -0.023034352117095452, 'ci95': [-0.03741339794910504, -0.008425934801093264]} {'mean': -0.05561868465645276, 'ci95': [-0.07128727524480964, -0.04062465883954826]}
overall policy::floor0.75__full__expected_mix0.25 {'mean': 0.9235464025020287, 'ci95': [0.9095554751362106, 0.9369213608614091]} {'mean': 0.03508406245785485, 'ci95': [0.022193752977968884, 0.04827708245840753]} {'mean': 0.0024997299184975497, 'ci95': [-0.004095044232841601, 0.008987410502173337]}
source_only policy::floor0.75__topm__original {'mean': 0.8905896652750129, 'ci95': [0.8706918068426363, 0.909742605373819]} {'mean': 0.002127325230839047, 'ci95': [-0.0006165283515985287, 0.005928212638699234]} {'mean': -0.030457007308518257, 'ci95': [-0.04163678532856222, -0.019752387563182434]}
original_proxy policy::proxy__topm__original {'mean': 0.8884623400441738, 'ci95': [0.8687991507046471, 0.9080908067347938]} {'mean': 0.0, 'ci95': [0.0, 0.0]} {'mean': -0.0325843325393573, 'ci95': [-0.044000290803626135, -0.021702313189168203]}
original_residual policy::residual__topm__original {'mean': 0.8518595621855556, 'ci95': [0.8288155982301648, 0.8743889374378059]} {'mean': -0.03660277785861815, 'ci95': [-0.04869788647006117, -0.025012536100606195]} {'mean': -0.06918711039797545, 'ci95': [-0.08498126479727212, -0.05462237551087276]}
T 0.7 prompts 64
bounded_subtraction policy::complement_power1__full__expected_mix0.25 {'mean': 0.8669098677735059, 'ci95': [0.8494074798605479, 0.8827950605745883]} {'mean': 0.029200487979889563, 'ci95': [0.020351113219058123, 0.03885579414030515]} {'mean': 0.001588208082895795, 'ci95': [-0.0008294357598931692, 0.004610445729657345]}
local_gate policy::qpeak0.9__full__expected_mix0.25 {'mean': 0.8629006092018511, 'ci95': [0.8448732062747231, 0.8787091188199133]} {'mean': 0.025191229408234764, 'ci95': [0.016015162100628318, 0.03525969770139617]} {'mean': -0.0024210504887590013, 'ci95': [-0.003607664153966718, -0.0013576052252350578]}
proxy_allocation policy::proxy__full__expected_mix0.25 {'mean': 0.8653216596906101, 'ci95': [0.847315112710103, 0.8812837594455828]} {'mean': 0.027612279896993767, 'ci95': [0.018560531993643898, 0.03757998698924675]} {'mean': 0.0, 'ci95': [0.0, 0.0]}
rank_only policy::interval1__full__expected_mix0.25 {'mean': 0.8653216596906101, 'ci95': [0.847315112710103, 0.8812837594455828]} {'mean': 0.027612279896993767, 'ci95': [0.018560531993643898, 0.03757998698924675]} {'mean': 0.0, 'ci95': [0.0, 0.0]}
residual_allocation policy::residual__full__uniform0.05 {'mean': 0.8215887876618513, 'ci95': [0.8001849523747874, 0.8415174127522219]} {'mean': -0.016120592131764956, 'ci95': [-0.02847923209679379, -0.003813174990327049]} {'mean': -0.043732872028758724, 'ci95': [-0.05948387078789042, -0.029292824561612935]}
source_temperature policy::source_tau1.1__full__uniform0.05 {'mean': 0.8249580277272783, 'ci95': [0.8034699366393885, 0.8437563252780954]} {'mean': -0.01275135206633791, 'ci95': [-0.023492177284330732, -0.002496564558667932]} {'mean': -0.040363631963331675, 'ci95': [-0.05524221213962436, -0.027433727441960775]}
overall policy::complement_power1__full__expected_mix0.25 {'mean': 0.8669098677735059, 'ci95': [0.8494074798605479, 0.8827950605745883]} {'mean': 0.029200487979889563, 'ci95': [0.020351113219058123, 0.03885579414030515]} {'mean': 0.001588208082895795, 'ci95': [-0.0008294357598931692, 0.004610445729657345]}
source_only policy::complement_power1__topm__original {'mean': 0.8386195196966495, 'ci95': [0.820138617893691, 0.855800407549185]} {'mean': 0.000910139903033097, 'ci95': [-0.0004060202186743905, 0.0027046300011033257]} {'mean': -0.02670213999396067, 'ci95': [-0.036999660365111785, -0.017078925833887596]}
original_proxy policy::proxy__topm__original {'mean': 0.8377093797936164, 'ci95': [0.8189233782528689, 0.8550152882614942]} {'mean': 0.0, 'ci95': [0.0, 0.0]} {'mean': -0.027612279896993767, 'ci95': [-0.03757998698924674, -0.018560531993643894]}
original_residual policy::residual__topm__original {'mean': 0.8073451576971685, 'ci95': [0.7854373739677275, 0.8272946647181646]} {'mean': -0.03036422209644782, 'ci95': [-0.040801576490525696, -0.020522239825565367]} {'mean': -0.05797650199344159, 'ci95': [-0.07500155280435498, -0.04326007764865427]}
T 1.0 prompts 256
bounded_subtraction policy::complement_power0.5__full__expected_mix0.25 {'mean': 0.6714770648352343, 'ci95': [0.6620209991747205, 0.6810855660564262]} {'mean': 0.023315860070334586, 'ci95': [0.01937363435394677, 0.027303295073052573]} {'mean': 0.0009934497543752081, 'ci95': [0.00025485459675111906, 0.0017928278883809802]}
local_gate policy::qpeak0.9__full__expected_mix0.25 {'mean': 0.6687282482351797, 'ci95': [0.6593579755624778, 0.6783308969521342]} {'mean': 0.020567043470279912, 'ci95': [0.016555794547247853, 0.02462997709661922]} {'mean': -0.001755366845679464, 'ci95': [-0.002832865567161006, -0.0008545470332248625]}
proxy_allocation policy::proxy__full__expected_mix0.25 {'mean': 0.6704836150808592, 'ci95': [0.6610492343067838, 0.6799914328341911]} {'mean': 0.022322410315959378, 'ci95': [0.018355697422877383, 0.026333553095802577]} {'mean': 0.0, 'ci95': [0.0, 0.0]}
rank_only policy::interval1__full__expected_mix0.25 {'mean': 0.6704836150808592, 'ci95': [0.6610492343067838, 0.6799914328341911]} {'mean': 0.022322410315959378, 'ci95': [0.018355697422877383, 0.026333553095802577]} {'mean': 0.0, 'ci95': [0.0, 0.0]}
residual_allocation policy::residual__full__expected_mix0.25 {'mean': 0.6243855110228189, 'ci95': [0.6138881652561525, 0.6346294889311577]} {'mean': -0.023775693742080856, 'ci95': [-0.029741096046170593, -0.018118791807608645]} {'mean': -0.04609810405804023, 'ci95': [-0.05168702577792532, -0.04067008715486789]}
source_temperature policy::source_tau0.9__full__expected_mix0.25 {'mean': 0.626994441165167, 'ci95': [0.6166012933480296, 0.6369914425948098]} {'mean': -0.021166763599732817, 'ci95': [-0.02705793256995002, -0.015469187509873824]} {'mean': -0.043489173915692195, 'ci95': [-0.048922750750506484, -0.03819957221091859]}
overall policy::complement_power0.5__full__expected_mix0.25 {'mean': 0.6714770648352343, 'ci95': [0.6620209991747205, 0.6810855660564262]} {'mean': 0.023315860070334586, 'ci95': [0.01937363435394677, 0.027303295073052573]} {'mean': 0.0009934497543752081, 'ci95': [0.00025485459675111906, 0.0017928278883809802]}
source_only policy::interval1__topm__original {'mean': 0.6481612047648998, 'ci95': [0.6382649183964114, 0.6581538886766322]} {'mean': 0.0, 'ci95': [0.0, 0.0]} {'mean': -0.022322410315959378, 'ci95': [-0.026333553095802577, -0.018355697422877383]}
original_proxy policy::proxy__topm__original {'mean': 0.6481612047648998, 'ci95': [0.6382649183964114, 0.6581538886766322]} {'mean': 0.0, 'ci95': [0.0, 0.0]} {'mean': -0.022322410315959378, 'ci95': [-0.026333553095802577, -0.018355697422877383]}
original_residual policy::residual__topm__original {'mean': 0.6067692768206596, 'ci95': [0.5959087785762344, 0.6174751366878803]} {'mean': -0.04139192794424015, 'ci95': [-0.046698134043278654, -0.036446312597361946]} {'mean': -0.06371433826019952, 'ci95': [-0.07002475777405356, -0.05762840540892831]}
