{
  "legacy": {
    "pooled_decode_tps": 84.84091434666617,
    "mean_run_decode_tps": 84.87221869922314,
    "run_decode_tps": [
      83.21109999951658,
      86.53333739892969
    ],
    "pooled_cache_hit": 0.8086124401913876,
    "mean_tokens_per_step": 3.038567221384587,
    "paired_tps_gain_percent_vs_legacy": [
      0.0,
      0.0
    ]
  },
  "matched_proxy": {
    "pooled_decode_tps": 85.76765813406065,
    "mean_run_decode_tps": 85.81727544632318,
    "run_decode_tps": [
      87.82432598427047,
      83.81022490837589
    ],
    "pooled_cache_hit": 0.8085265519820494,
    "mean_tokens_per_step": 3.0824638206632917,
    "paired_tps_gain_percent_vs_legacy": [
      5.544003125521346,
      -3.1468941016338126
    ]
  },
  "optimized_proxy": {
    "pooled_decode_tps": 90.2720527117595,
    "mean_run_decode_tps": 90.29064266270002,
    "run_decode_tps": [
      91.67092646301857,
      88.91035886238147
    ],
    "pooled_cache_hit": 0.8554356206630687,
    "mean_tokens_per_step": 3.178612617111333,
    "paired_tps_gain_percent_vs_legacy": [
      10.166704278096494,
      2.74694301052254
    ]
  },
  "selected": {
    "pooled_decode_tps": 86.70252937288863,
    "mean_run_decode_tps": 86.71048217808132,
    "run_decode_tps": [
      85.87478857350709,
      87.54617578265554
    ],
    "pooled_cache_hit": 0.8212956068503351,
    "mean_tokens_per_step": 3.06819395291562,
    "paired_tps_gain_percent_vs_legacy": [
      3.201121694108111,
      1.1704603268177793
    ]
  },
  "original_residual": {
    "pooled_decode_tps": 88.58477906783142,
    "mean_run_decode_tps": 88.58476626902795,
    "run_decode_tps": [
      88.56848589549557,
      88.60104664256033
    ],
    "pooled_cache_hit": 0.7747782491322792,
    "mean_tokens_per_step": 3.180879404608218,
    "paired_tps_gain_percent_vs_legacy": [
      6.438306783602332,
      2.389494391159608
    ]
  }
}
