Target: /data2/chokwans99/models/models--facebook--layerskip-codellama-34B/snapshots/f6d7d805a396ef369e504087f7a76bcf43dd382a
Draft:  /data2/chokwans99/models/TinyLlama-1.1B-Chat-v1.0
Out:    /home/chokwans99/PSD/ssd/tmp/34b_sweep

[11:36:54] === ar_34b === 
  -> TP=FAIL

[11:37:19] === baseline_f2 === --async --spec --k 4 --f 2
  -> TP=70.87

[11:39:50] === baseline_f3 === --async --spec --k 4 --f 3
  -> TP=75.59

[11:42:08] === baseline_f4 === --async --spec --k 4 --f 4
  -> TP=70.89

[11:44:36] === baseline_f5 === --async --spec --k 4 --f 5
  -> TP=78.99

[11:46:51] === baseline_f6 === --async --spec --k 4 --f 6
  -> TP=80.21

[11:49:05] === baseline_f8 === --async --spec --k 4 --f 8
  -> TP=75.03

[11:51:25] === mesa_f2_dfo1 === --async --spec --k 4 --f 2 --mesa --mesa_exit_layer 32 --mesa_draft_fan_out 1
  -> TP=63.70

[11:54:04] === mesa_f3_dfo1 === --async --spec --k 4 --f 3 --mesa --mesa_exit_layer 32 --mesa_draft_fan_out 1
  -> TP=64.64

[11:56:41] === mesa_f4_dfo1 === --async --spec --k 4 --f 4 --mesa --mesa_exit_layer 32 --mesa_draft_fan_out 1
  -> TP=66.35

[11:59:15] === mesa_f5_dfo1 === --async --spec --k 4 --f 5 --mesa --mesa_exit_layer 32 --mesa_draft_fan_out 1
  -> TP=66.20

[12:01:49] === mesa_f6_dfo1 === --async --spec --k 4 --f 6 --mesa --mesa_exit_layer 32 --mesa_draft_fan_out 1
  -> TP=59.79

[12:04:36] === mesa_f8_dfo1 === --async --spec --k 4 --f 8 --mesa --mesa_exit_layer 32 --mesa_draft_fan_out 1
  -> TP=63.50

=== SUMMARY ===
label                  TP         CH       TS       Draft      Verify    
ar_34b                 ?          ?        ?        ?ms        ?ms       
baseline_f2            70.87      0.64     3.62     26.28ms    41.51ms   
baseline_f3            75.59      0.70     3.76     26.74ms    41.05ms   
baseline_f4            70.89      0.71     3.52     26.27ms    41.41ms   
baseline_f5            78.99      0.78     3.85     25.53ms    41.19ms   
baseline_f6            80.21      0.80     3.91     26.62ms    41.09ms   
baseline_f8            75.03      0.78     3.65     27.06ms    41.12ms   
mesa_f2_dfo1           63.70      0.76     3.50     48.91ms    41.59ms   
mesa_f3_dfo1           64.64      0.80     3.64     49.82ms    41.63ms   
mesa_f4_dfo1           66.35      0.82     3.83     50.66ms    41.93ms   
mesa_f5_dfo1           66.20      0.84     3.78     49.80ms    42.02ms   
mesa_f6_dfo1           59.79      0.82     3.41     49.87ms    41.92ms   
mesa_f8_dfo1           63.50      0.87     3.74     51.03ms    42.31ms   
