[run] probe_calibration chain_e56_k4_2_w15 profile False
[done] probe_calibration chain_e56_k4_2_w15 46.6 s
[run] probe_validation chain_e56_k4_2_w15 profile False
[done] probe_validation chain_e56_k4_2_w15 60.9 s
Traceback (most recent call last):
  File "/home/chokwans99/PSD/results/duet_calibration/probe_candidates.py", line 25, in <module>
    if __name__=='__main__':main()
                            ^^^^^^
  File "/home/chokwans99/PSD/results/duet_calibration/probe_candidates.py", line 22, in main
    evaluate_campaign()
  File "/home/chokwans99/PSD/results/duet_calibration/replay_candidates.py", line 72, in evaluate_campaign
    cal=evaluate(root/'probe_calibration/chain_e56_k4_2_w15_s4913/distributions.json',len(plan['datasets']['calibration']['mapping']))
        ^^^^^^^^^^^^^^^^^^^^^^^^^^^^^^^^^^^^^^^^^^^^^^^^^^^^^^^^^^^^^^^^^^^^^^^^^^^^^^^^^^^^^^^^^^^^^^^^^^^^^^^^^^^^^^^^^^^^^^^^^^^^^^
  File "/home/chokwans99/PSD/results/duet_calibration/replay_candidates.py", line 63, in evaluate
    if not (counts>0).all():raise ValueError('Missing prompt snapshots')
                            ^^^^^^^^^^^^^^^^^^^^^^^^^^^^^^^^^^^^^^^^^^^^
ValueError: Missing prompt snapshots
Traceback (most recent call last):
  File "/home/chokwans99/PSD/results/duet_calibration/probe_candidates.py", line 25, in <module>
    if __name__=='__main__':main()
                            ^^^^^^
  File "/home/chokwans99/PSD/results/duet_calibration/probe_candidates.py", line 22, in main
    evaluate_campaign()
  File "/home/chokwans99/PSD/results/duet_calibration/replay_candidates.py", line 72, in evaluate_campaign
    cal=evaluate(root/'probe_calibration/chain_e56_k4_2_w15_s4913/distributions.json',len(plan['datasets']['calibration']['mapping']))
        ^^^^^^^^^^^^^^^^^^^^^^^^^^^^^^^^^^^^^^^^^^^^^^^^^^^^^^^^^^^^^^^^^^^^^^^^^^^^^^^^^^^^^^^^^^^^^^^^^^^^^^^^^^^^^^^^^^^^^^^^^^^^^^
  File "/home/chokwans99/PSD/results/duet_calibration/replay_candidates.py", line 63, in evaluate
    if not (counts>0).all():raise ValueError('Missing prompt snapshots')
                            ^^^^^^^^^^^^^^^^^^^^^^^^^^^^^^^^^^^^^^^^^^^^
ValueError: Missing prompt snapshots
[run] probe_calibration chain_e56_k4_2_w15 profile False
Traceback (most recent call last):
  File "/home/chokwans99/PSD/results/duet_calibration/probe_candidates.py", line 25, in <module>
    if __name__=='__main__':main()
                            ^^^^^^
  File "/home/chokwans99/PSD/results/duet_calibration/probe_candidates.py", line 19, in main
    run_one(cfg,'probe_'+st,profile=False,seed=4913 if st=='calibration' else 5913,
  File "/home/chokwans99/PSD/results/duet_calibration/campaign.py", line 127, in run_one
    raise RuntimeError(f'Run failed: {dest}')
RuntimeError: Run failed: /home/chokwans99/PSD/results/duet_calibration/runs/probe_calibration/chain_e56_k4_2_w15_s4913
[run] probe_calibration chain_e56_k4_2_w15 profile False
[done] probe_calibration chain_e56_k4_2_w15 47.2 s
[run] probe_validation chain_e56_k4_2_w15 profile False
[done] probe_validation chain_e56_k4_2_w15 64.1 s
[
  {
    "layer": 24,
    "selected": "L24|B15|proxy|full|w0.5",
    "calibration": 0.6473813048071879,
    "validation": 0.5715864625042099,
    "proxy_baseline": 0.503567439284445,
    "calibrated_proxy_policy": "L24|B15|proxy|full|w0.5",
    "calibrated_proxy": 0.5715864625042099,
    "gain_vs_baseline_pp": 6.801902321976487,
    "gain_vs_baseline_ci95_pp": [
      3.158047501912553,
      10.529576080464873
    ],
    "gain_vs_calibrated_proxy_pp": 0.0,
    "gain_vs_calibrated_proxy_ci95_pp": [
      0.0,
      0.0
    ]
  },
  {
    "layer": 40,
    "selected": "L40|B15|smooth1|topm|w1",
    "calibration": 0.7617670661273832,
    "validation": 0.7488623388335841,
    "proxy_baseline": 0.6783030025852498,
    "calibrated_proxy_policy": "L40|B15|proxy|full|w0.5",
    "calibrated_proxy": 0.7533219223566407,
    "gain_vs_baseline_pp": 7.055933624833424,
    "gain_vs_baseline_ci95_pp": [
      2.4546386903039683,
      11.900151317457519
    ],
    "gain_vs_calibrated_proxy_pp": -0.4459583523056684,
    "gain_vs_calibrated_proxy_ci95_pp": [
      -1.6717833297166849,
      0.9530708846108037
    ]
  },
  {
    "layer": 48,
    "selected": "L48|B15|proxy|topm|w0.25",
    "calibration": 0.8226708562710727,
    "validation": 0.8187853168715795,
    "proxy_baseline": 0.7662461510622605,
    "calibrated_proxy_policy": "L48|B15|proxy|topm|w0.25",
    "calibrated_proxy": 0.8187853168715795,
    "gain_vs_baseline_pp": 5.2539165809319055,
    "gain_vs_baseline_ci95_pp": [
      1.9233929911529846,
      8.360257072503348
    ],
    "gain_vs_calibrated_proxy_pp": 0.0,
    "gain_vs_calibrated_proxy_ci95_pp": [
      0.0,
      0.0
    ]
  },
  {
    "layer": 56,
    "selected": "L56|B15|smooth1|full|w0.75",
    "calibration": 0.8561103339813197,
    "validation": 0.8857442740305241,
    "proxy_baseline": 0.8413043482204333,
    "calibrated_proxy_policy": "L56|B15|proxy|full|w0.75",
    "calibrated_proxy": 0.8774634234378746,
    "gain_vs_baseline_pp": 4.443992581009081,
    "gain_vs_baseline_ci95_pp": [
      0.4223259724111912,
      8.84337210828772
    ],
    "gain_vs_calibrated_proxy_pp": 0.8280850592649464,
    "gain_vs_calibrated_proxy_ci95_pp": [
      -0.22128445553171425,
      2.658425141146817
    ]
  },
  {
    "layer": 64,
    "selected": "L64|B15|proxy|full|w0.25",
    "calibration": 0.8818931984760885,
    "validation": 0.9099517232705996,
    "proxy_baseline": 0.8725616986268321,
    "calibrated_proxy_policy": "L64|B15|proxy|full|w0.25",
    "calibrated_proxy": 0.9099517232705996,
    "gain_vs_baseline_pp": 3.739002464376755,
    "gain_vs_baseline_ci95_pp": [
      1.2116889779489513,
      6.552870397514582
    ],
    "gain_vs_calibrated_proxy_pp": 0.0,
    "gain_vs_calibrated_proxy_ci95_pp": [
      0.0,
      0.0
    ]
  },
  {
    "layer": 72,
    "selected": "L72|B15|residual|topm|w0.25",
    "calibration": 0.9135165432929689,
    "validation": 0.9221908389646213,
    "proxy_baseline": 0.9318323768383818,
    "calibrated_proxy_policy": "L72|B15|proxy|full|w0.25",
    "calibrated_proxy": 0.9322191363222229,
    "gain_vs_baseline_pp": -0.9641537873760563,
    "gain_vs_baseline_ci95_pp": [
      -1.9679298867010602,
      -0.14571603019117924
    ],
    "gain_vs_calibrated_proxy_pp": -1.0028297357601565,
    "gain_vs_calibrated_proxy_ci95_pp": [
      -2.197321474853606,
      0.07161800844830077
    ]
  },
  {
    "layer": 79,
    "selected": "L79|B15|residual|full|w0",
    "calibration": 0.9477892307201162,
    "validation": 0.9616468839774026,
    "proxy_baseline": 0.9552405120231118,
    "calibrated_proxy_policy": "L79|B15|proxy|topm|w0",
    "calibrated_proxy": 0.9552405120231118,
    "gain_vs_baseline_pp": 0.6406371954290758,
    "gain_vs_baseline_ci95_pp": [
      0.40097700040225664,
      0.8854148792489943
    ],
    "gain_vs_calibrated_proxy_pp": 0.6406371954290758,
    "gain_vs_calibrated_proxy_ci95_pp": [
      0.40097700040225664,
      0.8854148792489943
    ]
  }
]
