[run] extensions chain_e56_k10_4_w15_f1 profile True
[done] extensions chain_e56_k10_4_w15_f1 54.4 s
[run] extensions chain_e56_k10_4_w15_f2 profile True
[done] extensions chain_e56_k10_4_w15_f2 53.0 s
[run] selection chain_e40_k4_2_w15 profile False
[done] selection chain_e40_k4_2_w15 60.1 s
[run] selection chain_e56_k4_2_w15 profile False
[done] selection chain_e56_k4_2_w15 59.2 s
[run] selection chain_e72_k4_2_w15 profile False
[done] selection chain_e72_k4_2_w15 59.7 s
[run] selection chain_e40_k4_1_w15 profile False
[done] selection chain_e40_k4_1_w15 58.2 s
[run] selection chain_e56_k4_1_w15 profile False
[done] selection chain_e56_k4_1_w15 60.1 s
[run] selection chain_e72_k4_1_w15 profile False
[done] selection chain_e72_k4_1_w15 59.6 s
[run] confirmation chain_e56_k4_2_w15 profile False
[done] confirmation chain_e56_k4_2_w15 79.6 s
[run] confirmation chain_e40_k4_2_w15 profile False
[done] confirmation chain_e40_k4_2_w15 83.8 s
[run] confirmation chain_e56_k8_4_w15 profile False
[done] confirmation chain_e56_k8_4_w15 101.0 s
[run] confirmation chain_e72_k4_2_w15 profile False
[done] confirmation chain_e72_k4_2_w15 82.2 s
[run] confirmation chain_e72_k4_2_w15 profile False
[done] confirmation chain_e72_k4_2_w15 84.2 s
[run] confirmation chain_e56_k8_4_w15 profile False
[done] confirmation chain_e56_k8_4_w15 101.4 s
[run] confirmation chain_e40_k4_2_w15 profile False
[done] confirmation chain_e40_k4_2_w15 79.5 s
[run] confirmation chain_e56_k4_2_w15 profile False
[done] confirmation chain_e56_k4_2_w15 82.6 s
Independent confirmation finished.
