{
  "simplex_cases": 36000,
  "max_bound_violation": -2.175805275306253e-05,
  "max_draft_mixture_invariance_error": 2.220446049250313e-16,
  "toy": {
    "p": [
      0.5,
      0.25,
      0.15,
      0.1
    ],
    "q": [
      0.45,
      0.26,
      0.17,
      0.12
    ],
    "e": [
      0.4,
      0.25,
      0.19,
      0.16
    ],
    "r": [
      1.0,
      0.0,
      0.0,
      0.0
    ],
    "r_proxy": [
      0.0,
      0.0,
      0.3333333333333332,
      0.6666666666666669
    ],
    "residual_hit": 0,
    "proxy_hit": 1
  },
  "hazard_example": {
    "alpha": 0.9090909090909091,
    "alpha_proxy": 0.7878787878787878,
    "first_reject": 0.09090909090909094,
    "first_reject_proxy": 0.21212121212121215,
    "bonus": 0.5644739300537773,
    "bonus_proxy": 0.23919739661773984
  },
  "production_candidate_parity_cases": 40,
  "temperature_gradient": {
    "numeric": -0.08475506291794055,
    "identity": -0.0847550629103492
  },
  "prompt_weighting_and_paired_bootstrap": "PASS",
  "snapshot_persistence_and_rng": "PASS"
}
