{
  "totals": {
    "runs": 8,
    "generations": 256,
    "verification_steps": 22990,
    "sampled_steps": 2995,
    "contexts": 14975,
    "reject_positions": 11980,
    "unique_prompts": 128
  },
  "selections": {
    "tau_kl": 1.1,
    "joint": "grid::tau1__lambda0",
    "residual_tau": "grid::tau0.9__lambda1",
    "lambda_only": "grid::tau1__lambda0",
    "tau_exact_KL": 1.0551932783330316
  },
  "test": {
    "residual": {
      "value": 0.6055629849433899,
      "gain_vs_proxy": {
        "mean": -0.037056487053632736,
        "ci95": [
          -0.04434368321672082,
          -0.029779097717255353
        ],
        "dataset_means": {
          "alpaca": -0.025561310350894928,
          "c4": -0.04615992680191994,
          "gsm": -0.028012672439217567,
          "humaneval": -0.04849203675985336
        }
      }
    },
    "proxy": {
      "value": 0.6426194906234741,
      "gain_vs_proxy": {
        "mean": 0.0,
        "ci95": [
          0.0,
          0.0
        ],
        "dataset_means": {
          "alpaca": 0.0,
          "c4": 0.0,
          "gsm": 0.0,
          "humaneval": 0.0
        }
      }
    },
    "KL_calibrated_residual": {
      "value": 0.5854160785675049,
      "gain_vs_proxy": {
        "mean": -0.057203397154808044,
        "ci95": [
          -0.06785645075142384,
          -0.04692097371444106
        ],
        "dataset_means": {
          "alpaca": -0.041181810200214386,
          "c4": -0.07656939327716827,
          "gsm": -0.039989810436964035,
          "humaneval": -0.07107257097959518
        }
      }
    },
    "KL_calibrated_proxy": {
      "value": 0.6394658088684082,
      "gain_vs_proxy": {
        "mean": -0.003153646131977439,
        "ci95": [
          -0.008757344586774707,
          0.002145222306717189
        ],
        "dataset_means": {
          "alpaca": 0.0009359943214803934,
          "c4": -0.009595601819455624,
          "gsm": -0.002491011982783675,
          "humaneval": -0.0014639642322435975
        }
      }
    },
    "coverage_calibrated_residual": {
      "value": 0.610275149345398,
      "gain_vs_proxy": {
        "mean": -0.03234435245394707,
        "ci95": [
          -0.03823645487427711,
          -0.026094065606594084
        ],
        "dataset_means": {
          "alpaca": -0.018890149891376495,
          "c4": -0.04141119867563248,
          "gsm": -0.027246110141277313,
          "humaneval": -0.04182995483279228
        }
      }
    },
    "lambda_only": {
      "value": 0.6426194906234741,
      "gain_vs_proxy": {
        "mean": 0.0,
        "ci95": [
          0.0,
          0.0
        ],
        "dataset_means": {
          "alpaca": 0.0,
          "c4": 0.0,
          "gsm": 0.0,
          "humaneval": 0.0
        }
      }
    },
    "joint_tau_lambda": {
      "value": 0.6426194906234741,
      "gain_vs_proxy": {
        "mean": 0.0,
        "ci95": [
          0.0,
          0.0
        ],
        "dataset_means": {
          "alpaca": 0.0,
          "c4": 0.0,
          "gsm": 0.0,
          "humaneval": 0.0
        }
      }
    },
    "oracle_residual_proxy_h": {
      "value": 0.7295531034469604,
      "gain_vs_proxy": {
        "mean": 0.08693364262580872,
        "ci95": [
          0.07900738213211297,
          0.0953670583665371
        ],
        "dataset_means": {
          "alpaca": 0.09735268354415894,
          "c4": 0.10824499279260635,
          "gsm": 0.07757467031478882,
          "humaneval": 0.06456223130226135
        }
      }
    },
    "residual_true_h": {
      "value": 0.6610041260719299,
      "gain_vs_proxy": {
        "mean": 0.018384652212262154,
        "ci95": [
          0.009904993092641234,
          0.0272421055007726
        ],
        "dataset_means": {
          "alpaca": 0.03804457187652588,
          "c4": 0.024332452565431595,
          "gsm": 0.018432045355439186,
          "humaneval": -0.007270462810993195
        }
      }
    },
    "proxy_true_h": {
      "value": 0.7254704236984253,
      "gain_vs_proxy": {
        "mean": 0.08285094797611237,
        "ci95": [
          0.07413418628275395,
          0.092028964497149
        ],
        "dataset_means": {
          "alpaca": 0.08891940116882324,
          "c4": 0.09839540719985962,
          "gsm": 0.06871575117111206,
          "humaneval": 0.07537321746349335
        }
      }
    },
    "oracle_residual_true_h": {
      "value": 0.8257733583450317,
      "gain_vs_proxy": {
        "mean": 0.18315389752388,
        "ci95": [
          0.17033674716949462,
          0.19598020948469638
        ],
        "dataset_means": {
          "alpaca": 0.20319926738739014,
          "c4": 0.21383355557918549,
          "gsm": 0.15861853957176208,
          "humaneval": 0.15696419775485992
        }
      }
    },
    "oracle_target_true_h": {
      "value": 0.7980600595474243,
      "gain_vs_proxy": {
        "mean": 0.1554405689239502,
        "ci95": [
          0.14264131523668766,
          0.16856081560254096
        ],
        "dataset_means": {
          "alpaca": 0.1701715588569641,
          "c4": 0.18248704075813293,
          "gsm": 0.1293008029460907,
          "humaneval": 0.13980290293693542
        }
      }
    },
    "ceiling": {
      "value": 0.8264478445053101,
      "gain_vs_proxy": {
        "mean": 0.18382830917835236,
        "ci95": [
          0.17098694033920764,
          0.19666660986840726
        ],
        "dataset_means": {
          "alpaca": 0.20393133163452148,
          "c4": 0.21472807228565216,
          "gsm": 0.15913230180740356,
          "humaneval": 0.1575215607881546
        }
      }
    },
    "exact_KL_residual": {
      "value": 0.596468448638916,
      "gain_vs_proxy": {
        "mean": -0.0461510606110096,
        "ci95": [
          -0.05510339057072997,
          -0.03770999386906623
        ],
        "dataset_means": {
          "alpaca": -0.0317816361784935,
          "c4": -0.06232449412345886,
          "gsm": -0.030014406889677048,
          "humaneval": -0.06048370897769928
        }
      }
    },
    "exact_KL_proxy": {
      "value": 0.6421791315078735,
      "gain_vs_proxy": {
        "mean": -0.0004403319035191089,
        "ci95": [
          -0.004077978839632124,
          0.0030775505234487354
        ],
        "dataset_means": {
          "alpaca": 0.00190804956946522,
          "c4": -0.001944890827871859,
          "gsm": 0.0007287884363904595,
          "humaneval": -0.002453274792060256
        }
      }
    }
  },
  "pooled": {
    "rows": 11980,
    "row_fraction": 1.0,
    "reject_event_fraction": 0.9999998807907104,
    "delta": 0.222394660115242,
    "tvd": 0.3371693789958954,
    "top1_match": 0.6516202688217163,
    "residual_tvd": 0.4957742393016815,
    "lost_mass": 0.22037693858146667,
    "ds_recovered_lost": 0.08661089092493057,
    "local_residual": 0.4893982410430908,
    "local_proxy": 0.5397569537162781,
    "local_oracle": 0.68514484167099,
    "z": 0.46711620688438416,
    "z_proxy": 0.501146137714386,
    "thermal_tvd": 0.12037699669599533,
    "thermal_lost": 0.03634512424468994,
    "thermal_local_residual": 0.664554238319397,
    "thermal_local_proxy": 0.6394686102867126,
    "rankfixed_tvd": 0.2137168049812317,
    "rankfixed_lost": 0.08427269011735916,
    "rankfixed_local_residual": 0.6133756041526794,
    "rankfixed_local_proxy": 0.6388250589370728
  },
  "conditional": {
    "sharper": {
      "rows": 4738,
      "row_fraction": 0.3954924874791319,
      "reject_event_fraction": 0.425821989774704,
      "delta": -0.6344101428985596,
      "tvd": 0.3085912764072418,
      "top1_match": 0.738256573677063,
      "residual_tvd": 0.4606150686740875,
      "lost_mass": 0.22641417384147644,
      "ds_recovered_lost": 0.05861135572195053,
      "local_residual": 0.5049481987953186,
      "local_proxy": 0.5339208245277405,
      "local_oracle": 0.6469358801841736,
      "z": 0.43072715401649475,
      "z_proxy": 0.49896004796028137,
      "thermal_tvd": 0.1213470846414566,
      "thermal_lost": 0.056828372180461884,
      "thermal_local_residual": 0.6295319199562073,
      "thermal_local_proxy": 0.5967608690261841,
      "rankfixed_tvd": 0.22246485948562622,
      "rankfixed_lost": 0.10596343129873276,
      "rankfixed_local_residual": 0.5850474238395691,
      "rankfixed_local_proxy": 0.596136212348938
    },
    "similar": {
      "rows": 1985,
      "row_fraction": 0.16569282136894825,
      "reject_event_fraction": 0.09589865058660507,
      "delta": -0.001217288663610816,
      "tvd": 0.16876444220542908,
      "top1_match": 0.7751423716545105,
      "residual_tvd": 0.2814082205295563,
      "lost_mass": 0.10826688259840012,
      "ds_recovered_lost": 0.03938019275665283,
      "local_residual": 0.6733185052871704,
      "local_proxy": 0.6742863655090332,
      "local_oracle": 0.764412522315979,
      "z": 0.5073235630989075,
      "z_proxy": 0.5296706557273865,
      "thermal_tvd": 0.00374946859665215,
      "thermal_lost": 0.00043901323806494474,
      "thermal_local_residual": 0.7639093399047852,
      "thermal_local_proxy": 0.7225640416145325,
      "rankfixed_tvd": 0.09185069799423218,
      "rankfixed_lost": 0.03957759588956833,
      "rankfixed_local_residual": 0.7242363095283508,
      "rankfixed_local_proxy": 0.7218730449676514
    },
    "flatter": {
      "rows": 5257,
      "row_fraction": 0.43881469115191984,
      "reject_event_fraction": 0.4782792329788208,
      "delta": 1.0300617218017578,
      "tvd": 0.3963795304298401,
      "top1_match": 0.5497188568115234,
      "residual_tvd": 0.5700591802597046,
      "lost_mass": 0.2374807894229889,
      "ds_recovered_lost": 0.12100958824157715,
      "local_residual": 0.4386764466762543,
      "local_proxy": 0.5179787278175354,
      "local_oracle": 0.7032693028450012,
      "z": 0.4914522171020508,
      "z_proxy": 0.4973730742931366,
      "thermal_tvd": 0.14289800822734833,
      "thermal_lost": 0.025307906791567802,
      "thermal_local_residual": 0.6758139133453369,
      "thermal_local_proxy": 0.6608309149742126,
      "rankfixed_tvd": 0.23036327958106995,
      "rankfixed_lost": 0.07392267137765884,
      "rankfixed_local_residual": 0.6163683533668518,
      "rankfixed_local_proxy": 0.6601801514625549
    },
    "top1_match": {
      "rows": 8971,
      "row_fraction": 0.7488313856427379,
      "reject_event_fraction": 0.6516202092170715,
      "delta": 0.032398711889982224,
      "tvd": 0.2572481036186218,
      "top1_match": 1.0,
      "residual_tvd": 0.41279706358909607,
      "lost_mass": 0.17554093897342682,
      "ds_recovered_lost": 0.061801809817552567,
      "local_residual": 0.5807379484176636,
      "local_proxy": 0.6194108724594116,
      "local_oracle": 0.7169064879417419,
      "z": 0.4406445622444153,
      "z_proxy": 0.47641387581825256,
      "thermal_tvd": 0.10493418574333191,
      "thermal_lost": 0.04099312052130699,
      "thermal_local_residual": 0.6943880319595337,
      "thermal_local_proxy": 0.6735809445381165,
      "rankfixed_tvd": 0.18754009902477264,
      "rankfixed_lost": 0.0880785658955574,
      "rankfixed_local_residual": 0.6427674293518066,
      "rankfixed_local_proxy": 0.6731364727020264
    },
    "top1_mismatch": {
      "rows": 3009,
      "row_fraction": 0.2511686143572621,
      "reject_event_fraction": 0.34837985038757324,
      "delta": 0.5777687430381775,
      "tvd": 0.48665642738342285,
      "top1_match": 0.0,
      "residual_tvd": 0.6509770154953003,
      "lost_mass": 0.3042394518852234,
      "ds_recovered_lost": 0.133014515042305,
      "local_residual": 0.318553626537323,
      "local_proxy": 0.3907695412635803,
      "local_oracle": 0.6257365942001343,
      "z": 0.5166293382644653,
      "z_proxy": 0.5474058985710144,
      "thermal_tvd": 0.14926160871982574,
      "thermal_lost": 0.027651352807879448,
      "thermal_local_residual": 0.6087520122528076,
      "thermal_local_proxy": 0.5756636261940002,
      "rankfixed_tvd": 0.2626783847808838,
      "rankfixed_lost": 0.07715402543544769,
      "rankfixed_local_residual": 0.5583999752998352,
      "rankfixed_local_proxy": 0.574647843837738
    },
    "high_overlap": {
      "rows": 4303,
      "row_fraction": 0.3591819699499165,
      "reject_event_fraction": 0.0907599925994873,
      "delta": 0.045206110924482346,
      "tvd": 0.16826020181179047,
      "top1_match": 0.8765782713890076,
      "residual_tvd": 0.5155318975448608,
      "lost_mass": 0.29913678765296936,
      "ds_recovered_lost": 0.18100203573703766,
      "local_residual": 0.5259523391723633,
      "local_proxy": 0.6691917777061462,
      "local_oracle": 0.7867960333824158,
      "z": 0.1282218098640442,
      "z_proxy": 0.19918593764305115,
      "thermal_tvd": 0.06828437745571136,
      "thermal_lost": 0.10855869948863983,
      "thermal_local_residual": 0.7002663612365723,
      "thermal_local_proxy": 0.734880268573761,
      "rankfixed_tvd": 0.11883886903524399,
      "rankfixed_lost": 0.18927091360092163,
      "rankfixed_local_residual": 0.6183674931526184,
      "rankfixed_local_proxy": 0.7342050671577454
    },
    "low_overlap": {
      "rows": 7677,
      "row_fraction": 0.6408180300500834,
      "reject_event_fraction": 0.9092399477958679,
      "delta": 0.2400815486907959,
      "tvd": 0.3540298044681549,
      "top1_match": 0.6291649341583252,
      "residual_tvd": 0.493802011013031,
      "lost_mass": 0.21251514554023743,
      "ds_recovered_lost": 0.07718879729509354,
      "local_residual": 0.4857494533061981,
      "local_proxy": 0.5268366932868958,
      "local_oracle": 0.6749979853630066,
      "z": 0.5009444952011108,
      "z_proxy": 0.531287670135498,
      "thermal_tvd": 0.12557685375213623,
      "thermal_lost": 0.029136788100004196,
      "thermal_local_residual": 0.6609894037246704,
      "thermal_local_proxy": 0.6299446225166321,
      "rankfixed_tvd": 0.22318744659423828,
      "rankfixed_lost": 0.07379180192947388,
      "rankfixed_local_residual": 0.6128772497177124,
      "rankfixed_local_proxy": 0.6293042898178101
    }
  },
  "ds_pairs": {
    "ds12_add3_proxy_minus_residual": {
      "mean": 0.005567367188632488,
      "ci95": [
        0.0030909538618288934,
        0.00812832636293024
      ],
      "dataset_means": {
        "alpaca": 0.004003627225756645,
        "c4": 0.007273564115166664,
        "gsm": 0.0040977345779538155,
        "humaneval": 0.006894542369991541
      }
    },
    "ds12_add3_residual_vs_equal_total_ps_only": {
      "mean": -0.028975429013371468,
      "ci95": [
        -0.03722806395962834,
        -0.020896784169599412
      ],
      "dataset_means": {
        "alpaca": -0.04822058975696564,
        "c4": -0.022782539948821068,
        "gsm": -0.053261712193489075,
        "humaneval": 0.008363128639757633
      }
    },
    "ds12_add3_proxy_vs_equal_total_ps_only": {
      "mean": -0.06302759796380997,
      "ci95": [
        -0.0692653365433216,
        -0.056778685003519055
      ],
      "dataset_means": {
        "alpaca": -0.0704047679901123,
        "c4": -0.0658276379108429,
        "gsm": -0.07948441058397293,
        "humaneval": -0.03639357537031174
      }
    },
    "ds12_add15_proxy_minus_residual": {
      "mean": 0.013507207855582237,
      "ci95": [
        0.01065583350136876,
        0.01645289482548833
      ],
      "dataset_means": {
        "alpaca": 0.009660796262323856,
        "c4": 0.017756830900907516,
        "gsm": 0.011568579822778702,
        "humaneval": 0.015042627230286598
      }
    },
    "ds12_add15_residual_vs_equal_total_ps_only": {
      "mean": 0.0459003783762455,
      "ci95": [
        0.03893315028399229,
        0.05311182979494333
      ],
      "dataset_means": {
        "alpaca": 0.033872783184051514,
        "c4": 0.0518936887383461,
        "gsm": 0.029108548536896706,
        "humaneval": 0.06872649490833282
      }
    },
    "ds12_add15_proxy_vs_equal_total_ps_only": {
      "mean": 0.003920304588973522,
      "ci95": [
        -0.001050116610713303,
        0.008817058429121973
      ],
      "dataset_means": {
        "alpaca": -0.0007161883404478431,
        "c4": 0.0023894179612398148,
        "gsm": -0.006035772152245045,
        "humaneval": 0.020043760538101196
      }
    }
  }
}
