RUN analyze_screen.py
DONE analyze_screen.py
RUN analyze_final.py
DONE analyze_final.py
RUN analyze_followups.py
DONE analyze_followups.py
RUN analyze_postopt.py
DONE analyze_postopt.py
RUN analyze_breakdown.py
DONE analyze_breakdown.py
RUN analyze_ssd.py
DONE analyze_ssd.py
RUN audit_parameter_effects.py
DONE audit_parameter_effects.py
RUN audit_tuning_tails.py
DONE audit_tuning_tails.py
RUN audit_capture_tails.py
DONE audit_capture_tails.py
RUN summarize_telemetry.py
DONE summarize_telemetry.py
RUN audit_study.py
DONE audit_study.py
RUN make_figs.py
DONE make_figs.py
RUN make_report.py
DONE make_report.py
