START_DEPENDENT ['/home/chokwans99/PSD/ssd/.venv/bin/python', 'ssd/bench/mlsys_campaign.py', '--plan', '/home/chokwans99/PSD-mlsys-coverage/results/mlsys_coverage/round5/llama2_postopt_l0_profile_plan.json', '--directory', '/home/chokwans99/PSD-mlsys-coverage/results/mlsys_coverage/round5/llama2_postopt_l0_profile', '--gpus', '2,3', '--port', '33400']
START llama2_b1_postopt_profile_k1_down
END llama2_b1_postopt_profile_k1_down complete external []
START llama2_b1_postopt_profile_k2_down
END llama2_b1_postopt_profile_k2_down complete external []
START llama2_b1_postopt_profile_exit_earlier
END llama2_b1_postopt_profile_exit_earlier complete external []
START llama2_b1_postopt_profile_exit_later
END llama2_b1_postopt_profile_exit_later complete external []
START llama2_b8_postopt_profile_k1_down
END llama2_b8_postopt_profile_k1_down complete external []
START llama2_b8_postopt_profile_k2_down
END llama2_b8_postopt_profile_k2_down complete external []
START llama2_b8_postopt_profile_exit_earlier
END llama2_b8_postopt_profile_exit_earlier complete external []
START llama2_b8_postopt_profile_exit_later
END llama2_b8_postopt_profile_exit_later complete external []
START_DEPENDENT ['/home/chokwans99/PSD/ssd/.venv/bin/python', 'ssd/bench/mlsys_campaign.py', '--plan', '/home/chokwans99/PSD-mlsys-coverage/results/mlsys_coverage/round5/llama2_postopt_l0_warm_plan.json', '--directory', '/home/chokwans99/PSD-mlsys-coverage/results/mlsys_coverage/round5/llama2_postopt_l0_warm', '--gpus', '2,3', '--port', '33400']
START llama2_b1_postopt_warm_0
END llama2_b1_postopt_warm_0 complete external []
START llama2_b1_postopt_warm_1
END llama2_b1_postopt_warm_1 complete external []
START llama2_b1_postopt_warm_2
END llama2_b1_postopt_warm_2 complete external []
START llama2_b1_postopt_warm_3
END llama2_b1_postopt_warm_3 complete external []
START llama2_b8_postopt_warm_0
END llama2_b8_postopt_warm_0 complete external []
START llama2_b8_postopt_warm_1
END llama2_b8_postopt_warm_1 complete external []
START llama2_b8_postopt_warm_2
END llama2_b8_postopt_warm_2 complete external []
START llama2_b8_postopt_warm_3
END llama2_b8_postopt_warm_3 complete external []
START_DEPENDENT ['/home/chokwans99/PSD/ssd/.venv/bin/python', 'ssd/bench/mlsys_campaign.py', '--plan', '/home/chokwans99/PSD-mlsys-coverage/results/mlsys_coverage/round5/llama2_postopt_l0_full_plan.json', '--directory', '/home/chokwans99/PSD-mlsys-coverage/results/mlsys_coverage/round5/llama2_postopt_l0_full', '--gpus', '2,3', '--port', '33400']
START llama2_b1_postopt_final_r0
END llama2_b1_postopt_final_r0 complete external []
START llama2_b8_postopt_final_r1
END llama2_b8_postopt_final_r1 complete external []
