START_DEPENDENT ['/home/chokwans99/PSD/ssd/.venv/bin/python', 'ssd/bench/mlsys_campaign.py', '--plan', '/home/chokwans99/PSD-mlsys-coverage/results/mlsys_coverage/round5/llama3_postopt_l0_profile_plan.json', '--directory', '/home/chokwans99/PSD-mlsys-coverage/results/mlsys_coverage/round5/llama3_postopt_l0_profile', '--gpus', '4,5', '--port', '33600']
START llama3_b1_postopt_profile_k1_down
END llama3_b1_postopt_profile_k1_down complete external []
START llama3_b1_postopt_profile_k2_down
END llama3_b1_postopt_profile_k2_down complete external []
START llama3_b1_postopt_profile_exit_earlier
END llama3_b1_postopt_profile_exit_earlier complete external []
START llama3_b1_postopt_profile_exit_later
END llama3_b1_postopt_profile_exit_later complete external []
START llama3_b8_postopt_profile_k1_down
END llama3_b8_postopt_profile_k1_down complete external []
START llama3_b8_postopt_profile_k2_down
END llama3_b8_postopt_profile_k2_down complete external []
START llama3_b8_postopt_profile_exit_earlier
END llama3_b8_postopt_profile_exit_earlier complete external []
START llama3_b8_postopt_profile_exit_later
END llama3_b8_postopt_profile_exit_later complete external []
START_DEPENDENT ['/home/chokwans99/PSD/ssd/.venv/bin/python', 'ssd/bench/mlsys_campaign.py', '--plan', '/home/chokwans99/PSD-mlsys-coverage/results/mlsys_coverage/round5/llama3_postopt_l0_warm_plan.json', '--directory', '/home/chokwans99/PSD-mlsys-coverage/results/mlsys_coverage/round5/llama3_postopt_l0_warm', '--gpus', '4,5', '--port', '33600']
START llama3_b1_postopt_warm_0
END llama3_b1_postopt_warm_0 complete external []
START llama3_b1_postopt_warm_1
END llama3_b1_postopt_warm_1 complete external []
START llama3_b1_postopt_warm_2
END llama3_b1_postopt_warm_2 complete external []
START llama3_b1_postopt_warm_3
END llama3_b1_postopt_warm_3 complete external []
START llama3_b8_postopt_warm_0
END llama3_b8_postopt_warm_0 complete external []
START llama3_b8_postopt_warm_1
END llama3_b8_postopt_warm_1 complete external []
START llama3_b8_postopt_warm_2
END llama3_b8_postopt_warm_2 complete external []
START llama3_b8_postopt_warm_3
END llama3_b8_postopt_warm_3 complete external []
START_DEPENDENT ['/home/chokwans99/PSD/ssd/.venv/bin/python', 'ssd/bench/mlsys_campaign.py', '--plan', '/home/chokwans99/PSD-mlsys-coverage/results/mlsys_coverage/round5/llama3_postopt_l0_full_plan.json', '--directory', '/home/chokwans99/PSD-mlsys-coverage/results/mlsys_coverage/round5/llama3_postopt_l0_full', '--gpus', '4,5', '--port', '33600']
START llama3_b8_postopt_final_r1
END llama3_b8_postopt_final_r1 complete external []
