START_DEPENDENT ['/home/chokwans99/PSD/ssd/.venv/bin/python', 'ssd/bench/mlsys_campaign.py', '--plan', 'results/mlsys_coverage/round5/llama3_b8_final_r0_plan.json', '--directory', 'results/mlsys_coverage/round5/final_llama3_b8_r0', '--gpus', '6,7', '--port', '32100']
START llama3_b8_final_duet_al_r0
END llama3_b8_final_duet_al_r0 complete external []
START llama3_b8_final_duet_fast_r0
END llama3_b8_final_duet_fast_r0 complete external []
START llama3_b8_final_ssd_al_r0
END llama3_b8_final_ssd_al_r0 complete external []
START llama3_b8_final_ssd_fast_r0
END llama3_b8_final_ssd_fast_r0 complete external []
START llama3_b2_scale_ssd
END llama3_b2_scale_ssd complete external []
START llama3_b2_scale_duet
END llama3_b2_scale_duet complete external []
START llama3_b4_scale_ssd
END llama3_b4_scale_ssd complete external []
START llama3_b4_scale_duet
END llama3_b4_scale_duet complete external []
START llama3_b8_long_ssd
END llama3_b8_long_ssd complete external []
START llama3_b8_long_duet
END llama3_b8_long_duet complete external []
START llama3_b8_implementation_off
END llama3_b8_implementation_off complete external []
START llama3_b8_final_breakdown
END llama3_b8_final_breakdown complete external []
