START llama3_b8_stability_warm_0
END llama3_b8_stability_warm_0 complete external []
START llama3_b8_stability_warm_1
END llama3_b8_stability_warm_1 complete external []
START llama3_b8_stability_warm_2
END llama3_b8_stability_warm_2 complete external []
START llama3_b8_stability_warm_3
END llama3_b8_stability_warm_3 complete external []
START llama3_b8_stability_warm_4
END llama3_b8_stability_warm_4 complete external []
START llama3_b8_stability_warm_5
END llama3_b8_stability_warm_5 complete external []
START llama3_b8_stability_warm_6
END llama3_b8_stability_warm_6 complete external []
START llama3_b8_stability_warm_7
END llama3_b8_stability_warm_7 complete external []
START llama3_b8_stability_ssd_control
END llama3_b8_stability_ssd_control complete external []
START llama3_b8_stability_final_r1
END llama3_b8_stability_final_r1 complete external []
