...................................[Config] duet_proxy_top_k raised 3 → 14 (K_max=9 K_min=4 p1_sum_full=16 p1_sum_short=10 p1_max=2 per_pos=14 total=6 wire_N=28)
[Config] DUET-SSD enabled: exit_layer=56, only_proxy=False, proxy_top_k=14, draft_fan_out=2, proxy_fan_out=1, K1=9, K2=4, P2_W=10, P1_tree=off, P1_alloc=dynamic, P2_tree=off, tree_selector=off, tree_R=None, P1_tree_nodes=18/18(gen/verify), P2_tree_nodes=8/8(gen/verify), P1_start_thr=0.0, P1_conf_thr=0.0, tree_proxy_thr=0.01, tree_conf_thr=0.03
.[Config] duet_proxy_top_k raised 3 → 14 (K_max=9 K_min=4 p1_sum_full=16 p1_sum_short=10 p1_max=2 per_pos=14 total=6 wire_N=28)
[Config] DUET-SSD enabled: exit_layer=56, only_proxy=False, proxy_top_k=14, draft_fan_out=2, proxy_fan_out=1, K1=9, K2=4, P2_W=10, P1_tree=off, P1_alloc=dynamic, P2_tree=off, tree_selector=off, tree_R=None, P1_tree_nodes=18/18(gen/verify), P2_tree_nodes=8/8(gen/verify), P1_start_thr=0.0, P1_conf_thr=0.0, tree_proxy_thr=0.01, tree_conf_thr=0.03
[Config] duet_proxy_top_k raised 3 → 14 (K_max=9 K_min=4 p1_sum_full=16 p1_sum_short=10 p1_max=2 per_pos=14 total=6 wire_N=28)
[Config] DUET-SSD enabled: exit_layer=56, only_proxy=False, proxy_top_k=14, draft_fan_out=2, proxy_fan_out=1, K1=9, K2=4, P2_W=10, P1_tree=off, P1_alloc=dynamic, P2_tree=off, tree_selector=off, tree_R=None, P1_tree_nodes=18/18(gen/verify), P2_tree_nodes=8/8(gen/verify), P1_start_thr=0.0, P1_conf_thr=0.0, tree_proxy_thr=0.01, tree_conf_thr=0.03
[Config] duet_proxy_top_k raised 3 → 14 (K_max=9 K_min=4 p1_sum_full=16 p1_sum_short=10 p1_max=2 per_pos=14 total=6 wire_N=28)
[Config] DUET-SSD enabled: exit_layer=56, only_proxy=False, proxy_top_k=14, draft_fan_out=2, proxy_fan_out=1, K1=9, K2=4, P2_W=10, P1_tree=off, P1_alloc=dynamic, P2_tree=off, tree_selector=off, tree_R=None, P1_tree_nodes=18/18(gen/verify), P2_tree_nodes=8/8(gen/verify), P1_start_thr=0.0, P1_conf_thr=0.0, tree_proxy_thr=0.01, tree_conf_thr=0.03
.[Config] duet_proxy_top_k raised 3 → 14 (K_max=9 K_min=4 p1_sum_full=16 p1_sum_short=10 p1_max=2 per_pos=14 total=6 wire_N=28)
[Config] DUET-SSD enabled: exit_layer=56, only_proxy=False, proxy_top_k=14, draft_fan_out=2, proxy_fan_out=1, K1=9, K2=4, P2_W=10, P1_tree=off, P1_alloc=dynamic, P2_tree=off, tree_selector=off, tree_R=None, P1_tree_nodes=18/18(gen/verify), P2_tree_nodes=8/8(gen/verify), P1_start_thr=0.0, P1_conf_thr=0.0, tree_proxy_thr=0.01, tree_conf_thr=0.03
.[Config] duet_proxy_top_k raised 3 → 14 (K_max=9 K_min=4 p1_sum_full=16 p1_sum_short=10 p1_max=2 per_pos=14 total=6 wire_N=28)
[Config] DUET-SSD enabled: exit_layer=56, only_proxy=False, proxy_top_k=14, draft_fan_out=2, proxy_fan_out=1, K1=9, K2=4, P2_W=10, P1_tree=off, P1_alloc=dynamic, P2_tree=off, tree_selector=off, tree_R=None, P1_tree_nodes=18/18(gen/verify), P2_tree_nodes=8/8(gen/verify), P1_start_thr=0.0, P1_conf_thr=0.0, tree_proxy_thr=0.01, tree_conf_thr=0.03
.[Config] duet_proxy_top_k raised 3 → 14 (K_max=9 K_min=4 p1_sum_full=16 p1_sum_short=10 p1_max=2 per_pos=14 total=6 wire_N=28)
[Config] DUET-SSD enabled: exit_layer=56, only_proxy=False, proxy_top_k=14, draft_fan_out=2, proxy_fan_out=1, K1=9, K2=4, P2_W=10, P1_tree=off, P1_alloc=dynamic, P2_tree=off, tree_selector=off, tree_R=None, P1_tree_nodes=18/18(gen/verify), P2_tree_nodes=8/8(gen/verify), P1_start_thr=0.0, P1_conf_thr=0.0, tree_proxy_thr=0.01, tree_conf_thr=0.03
..[Config] duet_proxy_top_k raised 3 → 14 (K_max=9 K_min=4 p1_sum_full=16 p1_sum_short=10 p1_max=2 per_pos=14 total=6 wire_N=28)
[Config] DUET-SSD enabled: exit_layer=56, only_proxy=False, proxy_top_k=14, draft_fan_out=2, proxy_fan_out=1, K1=9, K2=4, P2_W=10, P1_tree=off, P1_alloc=dynamic, P2_tree=off, tree_selector=off, tree_R=None, P1_tree_nodes=18/18(gen/verify), P2_tree_nodes=8/8(gen/verify), P1_start_thr=0.0, P1_conf_thr=0.0, tree_proxy_thr=0.01, tree_conf_thr=0.03
............[scheduler] returning 1 sequences for prefill
...[Config] Extending draft RoPE cache: 2048 -> 4096 positions (draft quality beyond its trained window is not guaranteed)
.[Config] Extending draft RoPE cache: 2048 -> 4096 positions (draft quality beyond its trained window is not guaranteed)
...[scheduler] context limit reached; finishing seq_id=7, num_tokens=2041, max_model_len=2048: target needs position 2049 (lookahead=9)
..`torch_dtype` is deprecated! Use `dtype` instead!
.................................[DUET tree] warmed P2 executor buckets=[1, 2, 3, 4, 5, 6, 7, 8] in 0.00s (reserved delta=0.0 MiB)
....................................................................................[SpecDecodeStep] speculations: tensor([[20, 21, 22, 23]])
[SpecDecodeStep] speculation 0: [20, 21, 22, 23]
[SpecDecodeStep] verification 0: [20, 21, 22, 23, 24]
[SpecDecodeStep] speculations: tensor([[20, 21, 22, 23]])
[SpecDecodeStep] speculation 0: [20, 21, 22, 23]
[SpecDecodeStep] verification 0: [20, 21, 22, 23, 24]
...............................................................................................................[tree expansion] q_gain p1 SSD_TREE_GAIN_CALIBRATION SHA256=9d51d353b7c894e301822f8ecf5db34eec05bcf7ecbdf1f42a384a6e9daf3d8f
[tree expansion] q_gain p1 SSD_TREE_GAIN_CALIBRATION SHA256=9d51d353b7c894e301822f8ecf5db34eec05bcf7ecbdf1f42a384a6e9daf3d8f
[tree expansion] q_gain p1 SSD_TREE_GAIN_CALIBRATION SHA256=9d51d353b7c894e301822f8ecf5db34eec05bcf7ecbdf1f42a384a6e9daf3d8f
.........[Config] duet_proxy_top_k raised 3 → 10 (K_max=3 K_min=1 p1_sum_full=14 p1_sum_short=4 p1_max=2 per_pos=7 total=10 wire_N=19)
[Config] DUET-SSD enabled: exit_layer=12, only_proxy=False, proxy_top_k=10, draft_fan_out=1, proxy_fan_out=1, K1=1, K2=3, P2_W=3, P1_tree=on, P1_alloc=dynamic, P2_tree=on, tree_selector=dynamic, tree_R=None, P1_tree_nodes=2/2(gen/verify), P2_tree_nodes=6/6(gen/verify), P1_start_thr=0.0, P1_conf_thr=0.0, tree_proxy_thr=0.01, tree_conf_thr=0.03
[Config] DUET-SSD enabled: exit_layer=12, only_proxy=False, proxy_top_k=10, draft_fan_out=1, proxy_fan_out=1, K1=1, K2=3, P2_W=3, P1_tree=on, P1_alloc=dynamic, P2_tree=on, tree_selector=dynamic, tree_R=None, P1_tree_nodes=2/2(gen/verify), P2_tree_nodes=6/6(gen/verify), P1_start_thr=0.0, P1_conf_thr=0.0, tree_proxy_thr=0.01, tree_conf_thr=0.03
[DUET split-K1K2] layouts: split_k1_long MQ=2 (K=K1=1, pos=2), split_k1_short SKIPPED (unified tree owns context buckets), split_k2 MQ=3 (K=K2=3, pos=4)
[Config] duet_proxy_top_k raised 3 → 10 (K_max=3 K_min=1 p1_sum_full=14 p1_sum_short=4 p1_max=2 per_pos=7 total=10 wire_N=19)
[Config] DUET-SSD enabled: exit_layer=12, only_proxy=False, proxy_top_k=10, draft_fan_out=1, proxy_fan_out=1, K1=1, K2=3, P2_W=3, P1_tree=on, P1_alloc=dynamic, P2_tree=on, tree_selector=dynamic, tree_R=None, P1_tree_nodes=2/2(gen/verify), P2_tree_nodes=6/6(gen/verify), P1_start_thr=0.0, P1_conf_thr=0.0, tree_proxy_thr=0.01, tree_conf_thr=0.03
[Config] DUET-SSD enabled: exit_layer=12, only_proxy=False, proxy_top_k=10, draft_fan_out=1, proxy_fan_out=1, K1=1, K2=3, P2_W=3, P1_tree=on, P1_alloc=dynamic, P2_tree=on, tree_selector=dynamic, tree_R=None, P1_tree_nodes=2/2(gen/verify), P2_tree_nodes=6/6(gen/verify), P1_start_thr=0.0, P1_conf_thr=0.0, tree_proxy_thr=0.01, tree_conf_thr=0.03
[DUET split-K1K2] layouts: split_k1_long MQ=2 (K=K1=1, pos=2), split_k1_short SKIPPED (unified tree owns context buckets), split_k2 MQ=3 (K=K2=3, pos=4)
.
----------------------------------------------------------------------
Ran 300 tests in 57.991s

OK
