..E..................................[DUET tree] warmed P2 executor buckets=[1, 2, 3, 4, 5, 6, 7, 8] in 0.00s (reserved delta=0.0 MiB)
.................................................................................[Config] duet_proxy_top_k raised 3 → 14 (K_max=9 K_min=4 p1_sum_full=16 p1_sum_short=10 p1_max=2 per_pos=14 total=6 wire_N=28)
[Config] DUET-SSD enabled: exit_layer=56, only_proxy=False, proxy_top_k=14, draft_fan_out=2, proxy_fan_out=1, K1=9, K2=4, P2_W=10, P1_tree=off, P1_alloc=dynamic, P2_tree=off, tree_selector=off, tree_R=None, P1_tree_nodes=18/18(gen/verify), P2_tree_nodes=8/8(gen/verify), P1_start_thr=0.0, P1_conf_thr=0.0, tree_proxy_thr=0.01, tree_conf_thr=0.03
.[Config] duet_proxy_top_k raised 3 → 14 (K_max=9 K_min=4 p1_sum_full=16 p1_sum_short=10 p1_max=2 per_pos=14 total=6 wire_N=28)
[Config] DUET-SSD enabled: exit_layer=56, only_proxy=False, proxy_top_k=14, draft_fan_out=2, proxy_fan_out=1, K1=9, K2=4, P2_W=10, P1_tree=off, P1_alloc=dynamic, P2_tree=off, tree_selector=off, tree_R=None, P1_tree_nodes=18/18(gen/verify), P2_tree_nodes=8/8(gen/verify), P1_start_thr=0.0, P1_conf_thr=0.0, tree_proxy_thr=0.01, tree_conf_thr=0.03
[Config] duet_proxy_top_k raised 3 → 14 (K_max=9 K_min=4 p1_sum_full=16 p1_sum_short=10 p1_max=2 per_pos=14 total=6 wire_N=28)
[Config] DUET-SSD enabled: exit_layer=56, only_proxy=False, proxy_top_k=14, draft_fan_out=2, proxy_fan_out=1, K1=9, K2=4, P2_W=10, P1_tree=off, P1_alloc=dynamic, P2_tree=off, tree_selector=off, tree_R=None, P1_tree_nodes=18/18(gen/verify), P2_tree_nodes=8/8(gen/verify), P1_start_thr=0.0, P1_conf_thr=0.0, tree_proxy_thr=0.01, tree_conf_thr=0.03
[Config] duet_proxy_top_k raised 3 → 14 (K_max=9 K_min=4 p1_sum_full=16 p1_sum_short=10 p1_max=2 per_pos=14 total=6 wire_N=28)
[Config] DUET-SSD enabled: exit_layer=56, only_proxy=False, proxy_top_k=14, draft_fan_out=2, proxy_fan_out=1, K1=9, K2=4, P2_W=10, P1_tree=off, P1_alloc=dynamic, P2_tree=off, tree_selector=off, tree_R=None, P1_tree_nodes=18/18(gen/verify), P2_tree_nodes=8/8(gen/verify), P1_start_thr=0.0, P1_conf_thr=0.0, tree_proxy_thr=0.01, tree_conf_thr=0.03
.[Config] duet_proxy_top_k raised 3 → 14 (K_max=9 K_min=4 p1_sum_full=16 p1_sum_short=10 p1_max=2 per_pos=14 total=6 wire_N=28)
[Config] DUET-SSD enabled: exit_layer=56, only_proxy=False, proxy_top_k=14, draft_fan_out=2, proxy_fan_out=1, K1=9, K2=4, P2_W=10, P1_tree=off, P1_alloc=dynamic, P2_tree=off, tree_selector=off, tree_R=None, P1_tree_nodes=18/18(gen/verify), P2_tree_nodes=8/8(gen/verify), P1_start_thr=0.0, P1_conf_thr=0.0, tree_proxy_thr=0.01, tree_conf_thr=0.03
.[Config] duet_proxy_top_k raised 3 → 14 (K_max=9 K_min=4 p1_sum_full=16 p1_sum_short=10 p1_max=2 per_pos=14 total=6 wire_N=28)
[Config] DUET-SSD enabled: exit_layer=56, only_proxy=False, proxy_top_k=14, draft_fan_out=2, proxy_fan_out=1, K1=9, K2=4, P2_W=10, P1_tree=off, P1_alloc=dynamic, P2_tree=off, tree_selector=off, tree_R=None, P1_tree_nodes=18/18(gen/verify), P2_tree_nodes=8/8(gen/verify), P1_start_thr=0.0, P1_conf_thr=0.0, tree_proxy_thr=0.01, tree_conf_thr=0.03
.[Config] duet_proxy_top_k raised 3 → 14 (K_max=9 K_min=4 p1_sum_full=16 p1_sum_short=10 p1_max=2 per_pos=14 total=6 wire_N=28)
[Config] DUET-SSD enabled: exit_layer=56, only_proxy=False, proxy_top_k=14, draft_fan_out=2, proxy_fan_out=1, K1=9, K2=4, P2_W=10, P1_tree=off, P1_alloc=dynamic, P2_tree=off, tree_selector=off, tree_R=None, P1_tree_nodes=18/18(gen/verify), P2_tree_nodes=8/8(gen/verify), P1_start_thr=0.0, P1_conf_thr=0.0, tree_proxy_thr=0.01, tree_conf_thr=0.03
..[Config] duet_proxy_top_k raised 3 → 14 (K_max=9 K_min=4 p1_sum_full=16 p1_sum_short=10 p1_max=2 per_pos=14 total=6 wire_N=28)
[Config] DUET-SSD enabled: exit_layer=56, only_proxy=False, proxy_top_k=14, draft_fan_out=2, proxy_fan_out=1, K1=9, K2=4, P2_W=10, P1_tree=off, P1_alloc=dynamic, P2_tree=off, tree_selector=off, tree_R=None, P1_tree_nodes=18/18(gen/verify), P2_tree_nodes=8/8(gen/verify), P1_start_thr=0.0, P1_conf_thr=0.0, tree_proxy_thr=0.01, tree_conf_thr=0.03
.
======================================================================
ERROR: test_graph_reads_live_temperatures_chain_and_tree (tests.test_root_policy.RootPolicyTests.test_graph_reads_live_temperatures_chain_and_tree)
----------------------------------------------------------------------
Traceback (most recent call last):
  File "/home/chokwans99/PSD-mlsys-coverage/ssd/tests/test_root_policy.py", line 86, in test_graph_reads_live_temperatures_chain_and_tree
    tree.prepare([[-1,0,1,2],[-1,0]],[[0]*4,[0]*2],tok,q,temps,temps)
  File "/home/chokwans99/PSD-mlsys-coverage/ssd/ssd/engine/helpers/batch_tree_sampling.py", line 112, in prepare
    self.tt[:B].copy_(torch.as_tensor(target_temps,device=self.tt.device))
RuntimeError: Inplace update to inference tensor outside InferenceMode is not allowed.You can make a clone to get a normal tensor before doing inplace update.See https://github.com/pytorch/rfcs/pull/17 for more details.

----------------------------------------------------------------------
Ran 125 tests in 9.757s

FAILED (errors=1)
