**새 프롬프트의 전역 후보 coverage**

| 정책 | Coverage | only-proxy 대비 차이 (95% CI), %p |
|---|---:|---:|
| 기존 residual | 61.297% | -4.321 [-5.164, -3.526] |
| only-proxy | 65.618% | +0.000 [+0.000, +0.000] |
| 기존 데이터에서 선택한 10% residual 혼합 | 65.606% | -0.013 [-0.142, +0.105] |
| 단일 임계값 선택기 | 65.618% | +0.000 [+0.000, +0.000] |
| Ridge 선택기 | 65.618% | +0.000 [+0.000, +0.000] |
| 두 정책 중 정답 선택기 — oracle | 66.647% | +1.029 [+0.889, +1.174] |

**새 프롬프트: 실제 proxy 오차를 target 방향으로 줄인 진단**

| 제거한 proxy 오차 비율 γ | Residual | Only-proxy | 차이 (95% CI), %p |
|---:|---:|---:|---:|
| 0% | 61.297% | 65.618% | -4.321 [-5.164, -3.526] |
| 10% | 66.220% | 69.247% | -3.027 [-3.780, -2.301] |
| 25% | 71.583% | 72.614% | -1.032 [-1.571, -0.514] |
| 50% | 76.946% | 75.946% | +0.999 [+0.651, +1.331] |
| 75% | 80.257% | 78.091% | +2.165 [+1.889, +2.408] |
| 100% | 82.220% | 79.594% | +2.627 [+2.459, +2.810] |

**25개 고정 점수 정책: 탐색 결과를 모두 공개**

| 정책 | 기존 데이터 | 새 프롬프트 | 새 데이터에서 only-proxy 대비, %p |
|---|---:|---:|---:|
| `proxy` | 64.014% | 65.618% | +0.000 |
| `residual` | 60.057% | 61.297% | -4.321 |
