{
  "policy::residual": {
    "coverage": {
      "mean": 0.612968385219574,
      "ci95": [
        0.5966275230050087,
        0.6287224531173706
      ],
      "dataset_means": {
        "alpaca": 0.601782500743866,
        "c4": 0.5613441467285156,
        "gsm": 0.6270633935928345,
        "humaneval": 0.6616834402084351
      }
    },
    "gain_vs_proxy": {
      "mean": -0.04321442171931267,
      "ci95": [
        -0.05163651686161756,
        -0.03526273304596543
      ],
      "dataset_means": {
        "alpaca": -0.03520815819501877,
        "c4": -0.05118829756975174,
        "gsm": -0.030236247926950455,
        "humaneval": -0.05622498691082001
      }
    },
    "gain_vs_residual": {
      "mean": 0.0,
      "ci95": [
        0.0,
        0.0
      ],
      "dataset_means": {
        "alpaca": 0.0,
        "c4": 0.0,
        "gsm": 0.0,
        "humaneval": 0.0
      }
    }
  },
  "policy::proxy": {
    "coverage": {
      "mean": 0.6561828255653381,
      "ci95": [
        0.6412075355648994,
        0.6707409545779228
      ],
      "dataset_means": {
        "alpaca": 0.6369906663894653,
        "c4": 0.6125324964523315,
        "gsm": 0.6572996377944946,
        "humaneval": 0.7179084420204163
      }
    },
    "gain_vs_proxy": {
      "mean": 0.0,
      "ci95": [
        0.0,
        0.0
      ],
      "dataset_means": {
        "alpaca": 0.0,
        "c4": 0.0,
        "gsm": 0.0,
        "humaneval": 0.0
      }
    },
    "gain_vs_residual": {
      "mean": 0.04321442171931267,
      "ci95": [
        0.03526273304596543,
        0.05163651686161756
      ],
      "dataset_means": {
        "alpaca": 0.03520815819501877,
        "c4": 0.05118829756975174,
        "gsm": 0.030236247926950455,
        "humaneval": 0.05622498691082001
      }
    }
  },
  "best_static": {
    "coverage": {
      "mean": 0.6560562252998352,
      "ci95": [
        0.6412688851356506,
        0.670506551861763
      ],
      "dataset_means": {
        "alpaca": 0.6364046931266785,
        "c4": 0.6140668392181396,
        "gsm": 0.658394992351532,
        "humaneval": 0.7153582572937012
      }
    },
    "gain_vs_proxy": {
      "mean": -0.00012657808838412166,
      "ci95": [
        -0.0014162266539642586,
        0.0010459783370606601
      ],
      "dataset_means": {
        "alpaca": -0.0005859488155692816,
        "c4": 0.0015344091225415468,
        "gsm": 0.0010953603778034449,
        "humaneval": -0.0025501330383121967
      }
    },
    "gain_vs_residual": {
      "mean": 0.04308784380555153,
      "ci95": [
        0.035144990868866445,
        0.05141197331249714
      ],
      "dataset_means": {
        "alpaca": 0.03462221100926399,
        "c4": 0.05272270739078522,
        "gsm": 0.03133160620927811,
        "humaneval": 0.0536748543381691
      }
    }
  },
  "best_nontrivial_static": {
    "coverage": {
      "mean": 0.6560562252998352,
      "ci95": [
        0.6412688851356506,
        0.670506551861763
      ],
      "dataset_means": {
        "alpaca": 0.6364046931266785,
        "c4": 0.6140668392181396,
        "gsm": 0.658394992351532,
        "humaneval": 0.7153582572937012
      }
    },
    "gain_vs_proxy": {
      "mean": -0.00012657808838412166,
      "ci95": [
        -0.0014162266539642586,
        0.0010459783370606601
      ],
      "dataset_means": {
        "alpaca": -0.0005859488155692816,
        "c4": 0.0015344091225415468,
        "gsm": 0.0010953603778034449,
        "humaneval": -0.0025501330383121967
      }
    },
    "gain_vs_residual": {
      "mean": 0.04308784380555153,
      "ci95": [
        0.035144990868866445,
        0.05141197331249714
      ],
      "dataset_means": {
        "alpaca": 0.03462221100926399,
        "c4": 0.05272270739078522,
        "gsm": 0.03133160620927811,
        "humaneval": 0.0536748543381691
      }
    }
  },
  "stump": {
    "coverage": {
      "mean": 0.6561828255653381,
      "ci95": [
        0.6412075355648994,
        0.6707409545779228
      ],
      "dataset_means": {
        "alpaca": 0.6369906663894653,
        "c4": 0.6125324964523315,
        "gsm": 0.6572996377944946,
        "humaneval": 0.7179084420204163
      }
    },
    "gain_vs_proxy": {
      "mean": 0.0,
      "ci95": [
        0.0,
        0.0
      ],
      "dataset_means": {
        "alpaca": 0.0,
        "c4": 0.0,
        "gsm": 0.0,
        "humaneval": 0.0
      }
    },
    "gain_vs_residual": {
      "mean": 0.04321442171931267,
      "ci95": [
        0.03526273304596543,
        0.05163651686161756
      ],
      "dataset_means": {
        "alpaca": 0.03520815819501877,
        "c4": 0.05118829756975174,
        "gsm": 0.030236247926950455,
        "humaneval": 0.05622498691082001
      }
    }
  },
  "ridge": {
    "coverage": {
      "mean": 0.6561828255653381,
      "ci95": [
        0.6412075355648994,
        0.6707409545779228
      ],
      "dataset_means": {
        "alpaca": 0.6369906663894653,
        "c4": 0.6125324964523315,
        "gsm": 0.6572996377944946,
        "humaneval": 0.7179084420204163
      }
    },
    "gain_vs_proxy": {
      "mean": 0.0,
      "ci95": [
        0.0,
        0.0
      ],
      "dataset_means": {
        "alpaca": 0.0,
        "c4": 0.0,
        "gsm": 0.0,
        "humaneval": 0.0
      }
    },
    "gain_vs_residual": {
      "mean": 0.04321442171931267,
      "ci95": [
        0.03526273304596543,
        0.05163651686161756
      ],
      "dataset_means": {
        "alpaca": 0.03520815819501877,
        "c4": 0.05118829756975174,
        "gsm": 0.030236247926950455,
        "humaneval": 0.05622498691082001
      }
    }
  }
}
