alpaca_seed123: chunk 1/13
alpaca_seed123: chunk 5/13
alpaca_seed123: chunk 9/13
alpaca_seed123: chunk 13/13
finished alpaca_seed123: 392 steps
alpaca_seed42: chunk 1/12
alpaca_seed42: chunk 5/12
alpaca_seed42: chunk 9/12
finished alpaca_seed42: 382 steps
c4_seed123: chunk 1/13
c4_seed123: chunk 5/13
c4_seed123: chunk 9/13
c4_seed123: chunk 13/13
finished c4_seed123: 396 steps
c4_seed42: chunk 1/13
c4_seed42: chunk 5/13
c4_seed42: chunk 9/13
c4_seed42: chunk 13/13
finished c4_seed42: 388 steps
gsm_seed123: chunk 1/13
gsm_seed123: chunk 5/13
gsm_seed123: chunk 9/13
gsm_seed123: chunk 13/13
finished gsm_seed123: 385 steps
gsm_seed42: chunk 1/13
gsm_seed42: chunk 5/13
gsm_seed42: chunk 9/13
gsm_seed42: chunk 13/13
finished gsm_seed42: 403 steps
humaneval_seed123: chunk 1/10
humaneval_seed123: chunk 5/10
humaneval_seed123: chunk 9/10
finished humaneval_seed123: 315 steps
humaneval_seed42: chunk 1/11
humaneval_seed42: chunk 5/11
humaneval_seed42: chunk 9/11
finished humaneval_seed42: 334 steps
