{
  "created_utc": "2026-09-12T07:48:27.875096+00:00",
  "development_prompts": 128,
  "features": [
    "feature::argmax_agreement",
    "feature::mean_draft_entropy",
    "feature::mean_draft_peak",
    "feature::mean_entropy_difference",
    "feature::mean_proxy_draft_tv",
    "feature::mean_proxy_entropy",
    "feature::mean_proxy_peak",
    "feature::mean_proxy_top17_mass",
    "feature::mean_residual_peak",
    "feature::mean_residual_top17_mass",
    "feature::mean_source_tv",
    "feature::position_entropy",
    "feature::proxy_bonus_probability"
  ],
  "best_static": "policy::mix_0.1",
  "best_nontrivial_static": "policy::mix_0.1",
  "static_development_means": {
    "policy::proxy": 0.640139610144232,
    "policy::residual": 0.6005701762146802,
    "policy::lambda_0.1": 0.6371974647785271,
    "policy::lambda_0.25": 0.6351635881238366,
    "policy::lambda_0.5": 0.628748467503507,
    "policy::lambda_0.75": 0.6162926869304516,
    "policy::mix_0.1": 0.640341381383339,
    "policy::mix_0.25": 0.6394492350036208,
    "policy::mix_0.5": 0.6383350481676143,
    "policy::mix_0.75": 0.6333226806396505,
    "policy::relative_0.25": 0.6387364983820092,
    "policy::relative_0.5": 0.6386009463294557,
    "policy::relative_1": 0.6373660951923137,
    "policy::relative_2": 0.6310864543675999,
    "policy::tau_0.8_residual": 0.5981185278749398,
    "policy::tau_0.8_proxy": 0.6310426696870024,
    "policy::tau_0.9_residual": 0.6036556580208908,
    "policy::tau_0.9_proxy": 0.6378913920549819,
    "policy::tau_1.1_residual": 0.5836094261239613,
    "policy::tau_1.1_proxy": 0.6369025948251236,
    "policy::tau_1.25_residual": 0.5354979116727735,
    "policy::tau_1.25_proxy": 0.6169926254274236,
    "policy::tau_0.9_mix_0.25": 0.6379632423738819,
    "policy::tau_0.9_mix_0.5": 0.6376050932453032,
    "policy::tau_0.9_mix_0.75": 0.6340589277477252
  },
  "stump": {
    "kind": "always_proxy",
    "development_gain": 0.0
  },
  "cv_stump_gain": 0.0,
  "cv_ridge_gains": {
    "0.0001": -0.0018718109800714058,
    "0.001": -0.0018718109800714058,
    "0.01": -0.0020214271769535656,
    "0.1": -0.00036733314346919373,
    "1.0": 0.0,
    "10.0": 0.0
  },
  "primary_endpoints": [
    "best_static",
    "stump",
    "ridge"
  ],
  "note": "Selected before any confirmation policy evaluation. All old prompts are development. Gates use only proxy/draft quantities.",
  "analysis_sha256": "ec3345894e955a39b20efad5944fa65a03555dc51548b4ea78bea9a3f37ccb8b"
}
{
  "policy::residual": {
    "coverage": {
      "mean": 0.6005701422691345,
      "ci95": [
        0.5872691720724106,
        0.613895557820797
      ],
      "dataset_means": {
        "alpaca": 0.5639216899871826,
        "c4": 0.5281098484992981,
        "gsm": 0.6158674359321594,
        "humaneval": 0.6943817138671875
      }
    },
    "gain_vs_proxy": {
      "mean": -0.0395694337785244,
      "ci95": [
        -0.04555959403514862,
        -0.03373190369457006
      ],
      "dataset_means": {
        "alpaca": -0.025517866015434265,
        "c4": -0.0507240891456604,
        "gsm": -0.03075982816517353,
        "humaneval": -0.05127595365047455
      }
    },
    "gain_vs_residual": {
      "mean": 0.0,
      "ci95": [
        0.0,
        0.0
      ],
      "dataset_means": {
        "alpaca": 0.0,
        "c4": 0.0,
        "gsm": 0.0,
        "humaneval": 0.0
      }
    }
  },
  "policy::proxy": {
    "coverage": {
      "mean": 0.6401395797729492,
      "ci95": [
        0.6277683407068253,
        0.6525472581386567
      ],
      "dataset_means": {
        "alpaca": 0.5894395112991333,
        "c4": 0.5788339376449585,
        "gsm": 0.6466273069381714,
        "humaneval": 0.7456576824188232
      }
    },
    "gain_vs_proxy": {
      "mean": 0.0,
      "ci95": [
        0.0,
        0.0
      ],
      "dataset_means": {
        "alpaca": 0.0,
        "c4": 0.0,
        "gsm": 0.0,
        "humaneval": 0.0
      }
    },
    "gain_vs_residual": {
      "mean": 0.0395694337785244,
      "ci95": [
        0.03373190369457006,
        0.04555959403514862
      ],
      "dataset_means": {
        "alpaca": 0.025517866015434265,
        "c4": 0.0507240891456604,
        "gsm": 0.03075982816517353,
        "humaneval": 0.05127595365047455
      }
    }
  },
  "best_static": {
    "coverage": {
      "mean": 0.6403414011001587,
      "ci95": [
        0.6280254855751991,
        0.6526761770248413
      ],
      "dataset_means": {
        "alpaca": 0.5905249118804932,
        "c4": 0.5785620808601379,
        "gsm": 0.6477624773979187,
        "humaneval": 0.7445160150527954
      }
    },
    "gain_vs_proxy": {
      "mean": 0.00020177126862108707,
      "ci95": [
        -0.00063510720647173,
        0.0010804562130942944
      ],
      "dataset_means": {
        "alpaca": 0.0010854018619284034,
        "c4": -0.00027182226767763495,
        "gsm": 0.001135185593739152,
        "humaneval": -0.001141680171713233
      }
    },
    "gain_vs_residual": {
      "mean": 0.03977120667695999,
      "ci95": [
        0.0339583988301456,
        0.04583506714552641
      ],
      "dataset_means": {
        "alpaca": 0.026603268459439278,
        "c4": 0.05045226961374283,
        "gsm": 0.03189501166343689,
        "humaneval": 0.05013427138328552
      }
    }
  },
  "best_nontrivial_static": {
    "coverage": {
      "mean": 0.6403414011001587,
      "ci95": [
        0.6280254855751991,
        0.6526761770248413
      ],
      "dataset_means": {
        "alpaca": 0.5905249118804932,
        "c4": 0.5785620808601379,
        "gsm": 0.6477624773979187,
        "humaneval": 0.7445160150527954
      }
    },
    "gain_vs_proxy": {
      "mean": 0.00020177126862108707,
      "ci95": [
        -0.00063510720647173,
        0.0010804562130942944
      ],
      "dataset_means": {
        "alpaca": 0.0010854018619284034,
        "c4": -0.00027182226767763495,
        "gsm": 0.001135185593739152,
        "humaneval": -0.001141680171713233
      }
    },
    "gain_vs_residual": {
      "mean": 0.03977120667695999,
      "ci95": [
        0.0339583988301456,
        0.04583506714552641
      ],
      "dataset_means": {
        "alpaca": 0.026603268459439278,
        "c4": 0.05045226961374283,
        "gsm": 0.03189501166343689,
        "humaneval": 0.05013427138328552
      }
    }
  },
  "stump": {
    "coverage": {
      "mean": 0.6401395797729492,
      "ci95": [
        0.6277683407068253,
        0.6525472581386567
      ],
      "dataset_means": {
        "alpaca": 0.5894395112991333,
        "c4": 0.5788339376449585,
        "gsm": 0.6466273069381714,
        "humaneval": 0.7456576824188232
      }
    },
    "gain_vs_proxy": {
      "mean": 0.0,
      "ci95": [
        0.0,
        0.0
      ],
      "dataset_means": {
        "alpaca": 0.0,
        "c4": 0.0,
        "gsm": 0.0,
        "humaneval": 0.0
      }
    },
    "gain_vs_residual": {
      "mean": 0.0395694337785244,
      "ci95": [
        0.03373190369457006,
        0.04555959403514862
      ],
      "dataset_means": {
        "alpaca": 0.025517866015434265,
        "c4": 0.0507240891456604,
        "gsm": 0.03075982816517353,
        "humaneval": 0.05127595365047455
      }
    }
  },
  "ridge": {
    "coverage": {
      "mean": 0.6401395797729492,
      "ci95": [
        0.6277683407068253,
        0.6525472581386567
      ],
      "dataset_means": {
        "alpaca": 0.5894395112991333,
        "c4": 0.5788339376449585,
        "gsm": 0.6466273069381714,
        "humaneval": 0.7456576824188232
      }
    },
    "gain_vs_proxy": {
      "mean": 0.0,
      "ci95": [
        0.0,
        0.0
      ],
      "dataset_means": {
        "alpaca": 0.0,
        "c4": 0.0,
        "gsm": 0.0,
        "humaneval": 0.0
      }
    },
    "gain_vs_residual": {
      "mean": 0.0395694337785244,
      "ci95": [
        0.03373190369457006,
        0.04555959403514862
      ],
      "dataset_means": {
        "alpaca": 0.025517866015434265,
        "c4": 0.0507240891456604,
        "gsm": 0.03075982816517353,
        "humaneval": 0.05127595365047455
      }
    }
  }
}
