/home/chokwans99/PSD/ssd/.venv/lib/python3.12/site-packages/pydantic/_internal/_generate_schema.py:2249: UnsupportedFieldAttributeWarning: The 'repr' attribute with value False was provided to the `Field()` function, which has no effect in the context it was used. 'repr' is field-specific metadata, and can only be attached to a model field using `Annotated` metadata or by assignment. This may have happened because an `Annotated` type alias using the `type` statement was used, or if the `Field()` function was attached to a single member of a union type.
  warnings.warn(
/home/chokwans99/PSD/ssd/.venv/lib/python3.12/site-packages/pydantic/_internal/_generate_schema.py:2249: UnsupportedFieldAttributeWarning: The 'frozen' attribute with value True was provided to the `Field()` function, which has no effect in the context it was used. 'frozen' is field-specific metadata, and can only be attached to a model field using `Annotated` metadata or by assignment. This may have happened because an `Annotated` type alias using the `type` statement was used, or if the `Field()` function was attached to a single member of a union type.
  warnings.warn(
[bench] --k omitted -> derived k = K1+K2 = 6
[bench] --f omitted -> derived f = p1_fanout + ceil(budget/(K1+1)) = 6
[bench] seeded with 921
[Config] duet_proxy_top_k raised 3 → 22 (K_max=4 K_min=2 p1_sum_full=27 p1_sum_short=9 p1_max=3 per_pos=20 total=22 wire_N=44)
[Config] DUET-SSD enabled: exit_layer=56, only_proxy=False, proxy_top_k=22, draft_fan_out=3, proxy_fan_out=3, K1=4, K2=2, P2_W=15, P1_tree=on, P1_alloc=dynamic, P2_tree=on, tree_selector=dynamic, tree_R=15, P1_tree_nodes=8/8(gen/verify), P2_tree_nodes=6/6(gen/verify), P1_start_thr=0.0, P1_conf_thr=0.0, tree_proxy_thr=0.01, tree_conf_thr=0.03
Draft runner created on rank 4 (async)!
`torch_dtype` is deprecated! Use `dtype` instead!
`torch_dtype` is deprecated! Use `dtype` instead!
`torch_dtype` is deprecated! Use `dtype` instead!
[Config] DUET-SSD enabled: exit_layer=56, only_proxy=False, proxy_top_k=22, draft_fan_out=3, proxy_fan_out=3, K1=4, K2=2, P2_W=15, P1_tree=on, P1_alloc=dynamic, P2_tree=on, tree_selector=dynamic, tree_R=15, P1_tree_nodes=8/8(gen/verify), P2_tree_nodes=6/6(gen/verify), P1_start_thr=0.0, P1_conf_thr=0.0, tree_proxy_thr=0.01, tree_conf_thr=0.03
`torch_dtype` is deprecated! Use `dtype` instead!
[model_runner about to wrapper.init()] graph_bs_list=[1]
wrapper backend is auto
[DUET] Created FlashInfer wrappers for split-K1/K2 layouts
`torch_dtype` is deprecated! Use `dtype` instead!
[model_runner] about to setup and warmup model and cudagraphs, is use_eagle=False
Starting LlamaForCausalLM init, draft=True, speculate=True, spec_k=6
[LlamaForCausalLM] use_eagle=False, eagle_layers=None
[LlamaModel] use_eagle=False, eagle_layers=None
[model_runner] about to setup and warmup model and cudagraphs, is use_eagle=False
[model_runner] about to setup and warmup model and cudagraphs, is use_eagle=False
[model_runner] about to setup and warmup model and cudagraphs, is use_eagle=False
[model_runner] about to setup and warmup model and cudagraphs, is use_eagle=False
Starting LlamaForCausalLM init, draft=False, speculate=True, spec_k=6
[LlamaForCausalLM] use_eagle=False, eagle_layers=None
Starting LlamaForCausalLM init, draft=False, speculate=True, spec_k=6
[LlamaForCausalLM] use_eagle=False, eagle_layers=None
[LlamaModel] use_eagle=False, eagle_layers=None
[LlamaModel] use_eagle=False, eagle_layers=None
Starting LlamaForCausalLM init, draft=False, speculate=True, spec_k=6
[LlamaForCausalLM] use_eagle=False, eagle_layers=None
[LlamaModel] use_eagle=False, eagle_layers=None
Starting LlamaForCausalLM init, draft=False, speculate=True, spec_k=6
[LlamaForCausalLM] use_eagle=False, eagle_layers=None
[LlamaModel] use_eagle=False, eagle_layers=None
Finishing LlamaForCausalLM init, draft=True, speculate=True, spec_k=6
[load_model] loading model from /data/chokwans99/models/TinyLlama-1.1B-Chat-v1.0
Loading model files:   0%|          | 0/1 [00:00<?, ?it/s]Finishing LlamaForCausalLM init, draft=False, speculate=True, spec_k=6
[load_model] loading model from /home/chokwans99/awq_calibrated/layerskip_llama2_70b
Loading model files:   0%|          | 0/1 [00:00<?, ?it/s]Finishing LlamaForCausalLM init, draft=False, speculate=True, spec_k=6
[load_model] loading model from /home/chokwans99/awq_calibrated/layerskip_llama2_70b
Loading model files:   0%|          | 0/1 [00:00<?, ?it/s]Finishing LlamaForCausalLM init, draft=False, speculate=True, spec_k=6
[load_model] loading model from /home/chokwans99/awq_calibrated/layerskip_llama2_70b
Loading model files:   0%|          | 0/1 [00:00<?, ?it/s]Finishing LlamaForCausalLM init, draft=False, speculate=True, spec_k=6
[load_model] loading model from /home/chokwans99/awq_calibrated/layerskip_llama2_70b
Loading model files:   0%|          | 0/1 [00:00<?, ?it/s]Loading model files: 100%|██████████| 1/1 [00:00<00:00,  5.57it/s]Loading model files: 100%|██████████| 1/1 [00:00<00:00,  5.56it/s]
Loading model files: 100%|██████████| 1/1 [00:00<00:00,  4.56it/s]Loading model files: 100%|██████████| 1/1 [00:00<00:00,  5.17it/s]Loading model files: 100%|██████████| 1/1 [00:00<00:00,  4.56it/s]
Loading model files: 100%|██████████| 1/1 [00:00<00:00,  5.17it/s]
Loading model files: 100%|██████████| 1/1 [00:00<00:00,  4.43it/s]Loading model files: 100%|██████████| 1/1 [00:00<00:00,  4.42it/s]
Loading model files: 100%|██████████| 1/1 [00:01<00:00,  1.01s/it]Loading model files: 100%|██████████| 1/1 [00:01<00:00,  1.01s/it]
[load_model] finished loading model from /home/chokwans99/awq_calibrated/layerskip_llama2_70b
[awq-loader] role=target rank=3/4: attached 320 modules, quant storage ≈ 8.89 GB  (source=awq_calibrated, schema=v2)
[load_model] finished loading model from /home/chokwans99/awq_calibrated/layerskip_llama2_70b
[awq-loader] role=target rank=2/4: attached 320 modules, quant storage ≈ 8.89 GB  (source=awq_calibrated, schema=v2)
[load_model] finished loading model from /home/chokwans99/awq_calibrated/layerskip_llama2_70b
[awq-loader] role=target rank=0/4: attached 320 modules, quant storage ≈ 8.89 GB  (source=awq_calibrated, schema=v2)
[load_model] finished loading model from /home/chokwans99/awq_calibrated/layerskip_llama2_70b
[awq-loader] role=target rank=1/4: attached 320 modules, quant storage ≈ 8.89 GB  (source=awq_calibrated, schema=v2)
[duet] exit-replica lm_head on rank0: [32000, 8192]
[load_model] finished loading model from /data/chokwans99/models/TinyLlama-1.1B-Chat-v1.0
inside allocate_kv_cache -- 
allocate_kv_cache(): kv_cache shape = torch.Size([2, 22, 2785, 256, 4, 64])
inside allocate_kv_cache -- 
allocate_kv_cache(): kv_cache shape = torch.Size([2, 80, 357, 256, 2, 128])
inside allocate_kv_cache -- 
allocate_kv_cache(): kv_cache shape = torch.Size([2, 80, 357, 256, 2, 128])
inside allocate_kv_cache -- 
allocate_kv_cache(): kv_cache shape = torch.Size([2, 80, 357, 256, 2, 128])
[DUET tree] warmed proxy kernels (buckets=[6, 8])
inside allocate_kv_cache -- 
allocate_kv_cache(): kv_cache shape = torch.Size([2, 80, 320, 256, 2, 128])
[DUET] captured target chain proxy graphs (K=[2, 4], source=residual)
[DUET tree] captured target proxy graphs (buckets=[1, 2, 3, 4, 5, 6, 7, 8])
[DUET split-K1K2] Captured draft glue_k1 CG (K1+1=5) + glue_k2 CG (K2+1=3)
About to capture FI cudagraphs for bs=[1] key=fi_tree_decode MQ_LEN=42
  [FI capture] bs=1 key=fi_tree_decode starting...
  [FI capture] bs=1 key=fi_tree_decode warmup...
  [FI capture] bs=1 key=fi_tree_decode warmup done, capturing...
F=6, fan_out_list=[6, 6, 6, 6, 6, 6, 6], fan_out_list_miss=[6, 6, 6, 6, 6, 6, 6], MQ_LEN=42
[DUET split-K1K2] layouts: split_k1_long MQ=15 (K=K1=4, pos=5), split_k1_short MQ=9 (K=K1=4, pos=3), split_k2 MQ=15 (K=K2=2, pos=3)
Process SpawnProcess-4:
Traceback (most recent call last):
  File "/home/chokwans99/anaconda3/lib/python3.12/multiprocessing/process.py", line 314, in _bootstrap
    self.run()
  File "/home/chokwans99/anaconda3/lib/python3.12/multiprocessing/process.py", line 108, in run
    self._target(*self._args, **self._kwargs)
  File "/home/chokwans99/PSD/ssd/ssd/engine/draft_runner.py", line 147, in __init__
    self._warmup_p2_tree_executor()
  File "/home/chokwans99/PSD/ssd/ssd/engine/draft_runner.py", line 262, in _warmup_p2_tree_executor
    ex.prime_capture_inputs(p0)
  File "/home/chokwans99/PSD/ssd/.venv/lib/python3.12/site-packages/torch/utils/_contextlib.py", line 120, in decorate_context
    return func(*args, **kwargs)
           ^^^^^^^^^^^^^^^^^^^^^
  File "/home/chokwans99/PSD/ssd/ssd/engine/helpers/p2_tree_executor.py", line 806, in prime_capture_inputs
    self.prepare_bucket(n_pages0)
  File "/home/chokwans99/PSD/ssd/ssd/engine/helpers/p2_tree_executor.py", line 781, in prepare_bucket
    wr = self._mk_round_wrapper(
         ^^^^^^^^^^^^^^^^^^^^^^^
  File "/home/chokwans99/PSD/ssd/ssd/engine/helpers/p2_tree_executor.py", line 751, in _mk_round_wrapper
    wr.plan(qo, kvp, kvi, lpl,
  File "/home/chokwans99/PSD/ssd/.venv/lib/python3.12/site-packages/flashinfer/prefill.py", line 1905, in plan
    self._plan_info = self._cached_module.plan(
                      ^^^^^^^^^^^^^^^^^^^^^^^^^
  File "python/tvm_ffi/cython/function.pxi", line 929, in tvm_ffi.core.Function.__call__
RuntimeError: Error in function 'aligned_alloc' at /home/chokwans99/PSD/ssd/.venv/lib/python3.12/site-packages/flashinfer/data/include/flashinfer/allocator.h:49: Buffer overflow when allocating memory for batch_prefill_tmp_s with size 1048576 and alignment 16, but only 0 bytes available in AlignedAllocator. Increase the workspace buffer size.
[DUET split-K1K2] Captured duet_verify_k1 CG (K1=4) + duet_verify_k2 CG (K2=2)
[DUET split-K1K2] Captured duet_verify_k1 CG (K1=4) + duet_verify_k2 CG (K2=2)
[DUET split-K1K2] Captured duet_verify_k1 CG (K1=4) + duet_verify_k2 CG (K2=2)
[DUET split-K1K2] Captured duet_verify_k1 CG (K1=4) + duet_verify_k2 CG (K2=2)
[LLMEngine] FATAL: draft runner exited unexpectedly (exitcode=1); terminating target workers
/home/chokwans99/anaconda3/lib/python3.12/multiprocessing/resource_tracker.py:254: UserWarning: resource_tracker: There appear to be 21 leaked semaphore objects to clean up at shutdown
  warnings.warn('resource_tracker: There appear to be %d '
