[tree score hook] phase_sibling_q_bin; calibration SHA256=afcb6510bfa6e64c8c1bad11ec49cbefd9c76bee790dcad3e65a076ec2537d39
[tree followup hook] reach_frontier; gain SHA256=e78f1392318dc8bcd03c31a2489d428ef12b55d5c039e173082500271208b2f6
{
  "passed": true,
  "policy": "reach_frontier",
  "shape_buckets": [
    {
      "phase": "p1",
      "roots": 9,
      "widths": [
        9,
        9,
        9,
        9
      ],
      "bucket": 2,
      "logits_error": 0.0,
      "raw_q_error": 0.0,
      "nodes": 70,
      "delayed_expansions": 4
    },
    {
      "phase": "p1",
      "roots": 9,
      "widths": [
        9,
        9,
        9,
        9
      ],
      "bucket": 3,
      "logits_error": 0.0,
      "raw_q_error": 0.0,
      "nodes": 70,
      "delayed_expansions": 4
    },
    {
      "phase": "p1",
      "roots": 21,
      "widths": [
        21,
        15,
        15,
        15
      ],
      "bucket": 2,
      "logits_error": 0.0,
      "raw_q_error": 0.0,
      "nodes": 143,
      "delayed_expansions": 3
    },
    {
      "phase": "p1",
      "roots": 21,
      "widths": [
        21,
        15,
        15,
        15
      ],
      "bucket": 3,
      "logits_error": 0.0,
      "raw_q_error": 0.0,
      "nodes": 143,
      "delayed_expansions": 3
    },
    {
      "phase": "p1",
      "roots": 27,
      "widths": [
        27,
        15,
        15,
        15
      ],
      "bucket": 2,
      "logits_error": 0.0,
      "raw_q_error": 0.0,
      "nodes": 169,
      "delayed_expansions": 8
    },
    {
      "phase": "p1",
      "roots": 27,
      "widths": [
        27,
        15,
        15,
        15
      ],
      "bucket": 3,
      "logits_error": 0.0,
      "raw_q_error": 0.0,
      "nodes": 169,
      "delayed_expansions": 8
    },
    {
      "phase": "p2",
      "roots": 15,
      "widths": [
        15,
        15
      ],
      "bucket": 2,
      "logits_error": 0.0,
      "raw_q_error": 0.0,
      "nodes": 81,
      "delayed_expansions": 0
    },
    {
      "phase": "p2",
      "roots": 15,
      "widths": [
        15,
        15
      ],
      "bucket": 3,
      "logits_error": 0.0,
      "raw_q_error": 0.0,
      "nodes": 81,
      "delayed_expansions": 0
    }
  ],
  "node_audits": 12,
  "evaluated_contexts": 612,
  "scope": "Mini-model fixture; actual executor/attention kernels and parent q references, not the real model"
}
