{
  "all": {
    "cases": 602,
    "questions": 369,
    "means": {
      "delta": 0.011405597118126762,
      "positive": 0.029232624328453843,
      "negative": -0.01782702721032708,
      "integration_delta_lower": 0.011275786831338364,
      "integration_delta_upper": 0.01194504278920711,
      "calibration_numeric_decision_stable": 0.9978368198707183
    },
    "leave_one_prompt_out_mean_deltas": [
      0.01228067532598702,
      0.010707007533241296,
      0.009005077017441888,
      0.012114730738403391,
      0.011048984636763718,
      0.009510678983629877,
      0.011639591564083498,
      0.01228067532598702
    ],
    "all_group_ci": {
      "mean": 0.011405597118126762,
      "ci95": [
        -0.0020208192107499094,
        0.024562419581656787
      ],
      "questions": 369
    }
  },
  "1": {
    "cases": 462,
    "questions": 318,
    "means": {
      "delta": 0.012531509297729615,
      "positive": 0.032889932212367794,
      "negative": -0.020358422914638175,
      "integration_delta_lower": 0.01239842157856264,
      "integration_delta_upper": 0.013075056272087182,
      "calibration_numeric_decision_stable": 1.0
    },
    "leave_one_prompt_out_mean_deltas": [
      0.014143594639722803,
      0.012532395535779001,
      0.012532395535779001,
      0.014481742751822221,
      0.012531509297729615,
      0.012532395535779001,
      0.014377288771891691,
      0.014143594639722803
    ],
    "all_group_ci": {
      "mean": 0.012531509297729615,
      "ci95": [
        -0.003397727653346099,
        0.028203513870681964
      ],
      "questions": 318
    }
  },
  "2": {
    "cases": 140,
    "questions": 114,
    "means": {
      "delta": 0.010696040638442457,
      "positive": 0.01539852844313383,
      "negative": -0.004702487804691367,
      "integration_delta_lower": 0.010650231267493768,
      "integration_delta_upper": 0.01095102601267424,
      "calibration_numeric_decision_stable": 0.9800569800569802
    },
    "leave_one_prompt_out_mean_deltas": [
      0.010696040638442457,
      0.006930432715676636,
      0.00434868805834862,
      0.008390611213744755,
      0.008390611213744755,
      0.00548574529523849,
      0.005485610560092793,
      0.010696040638442457
    ],
    "all_group_ci": {
      "mean": 0.010696040638442457,
      "ci95": [
        -0.0003879996382390477,
        0.02285683348121132
      ],
      "questions": 114
    }
  }
}
