Starting LlamaForCausalLM init, draft=True, speculate=False, spec_k=1
[LlamaForCausalLM] use_eagle=False, eagle_layers=None
[LlamaModel] use_eagle=False, eagle_layers=None
Finishing LlamaForCausalLM init, draft=True, speculate=False, spec_k=1
[load_model] loading model from /data/chokwans99/models/TinyLlama-1.1B-Chat-v1.0
Loading model files:   0%|          | 0/1 [00:00<?, ?it/s]Loading model files: 100%|██████████| 1/1 [00:00<00:00,  2.07it/s]Loading model files: 100%|██████████| 1/1 [00:00<00:00,  2.07it/s]
[load_model] finished loading model from /data/chokwans99/models/TinyLlama-1.1B-Chat-v1.0
{
  "complete": true,
  "smoke": true,
  "backend": "production",
  "trees": 24,
  "questions": 23,
  "known_parent_checks": 91,
  "known_q_tv_mean": 0.007805110900429401,
  "known_q_tv_quantiles": [
    0.0025559069215951927,
    0.02189315420469937,
    0.030743562523411583,
    0.039739004978562836,
    0.04348373644427033
  ],
  "known_q_top1_match": 0.978021978021978,
  "numerical_gate_passed": false,
  "wall_s": 10.214943647384644,
  "scope": "Same-prefix BF16 draft shadow with SDPA tree attention; target p reused from actual verifier; unexpanded observed leaves only."
}
Traceback (most recent call last):
  File "/home/chokwans99/PSD/results/duet_tree_followup/shadow_q.py", line 137, in <module>
    if __name__=='__main__':main()
                            ^^^^^^
  File "/home/chokwans99/PSD/results/duet_tree_followup/shadow_q.py", line 134, in main
    if not result['numerical_gate_passed']:raise ValueError('Shadow q fails numerical agreement gate; investigate before interpretation')
                                           ^^^^^^^^^^^^^^^^^^^^^^^^^^^^^^^^^^^^^^^^^^^^^^^^^^^^^^^^^^^^^^^^^^^^^^^^^^^^^^^^^^^^^^^^^^^^^^
ValueError: Shadow q fails numerical agreement gate; investigate before interpretation
