llama2_b1 legacy_q_path 1 1.9912 89.7 [0.0, 0.0]
llama2_b1 legacy_reach_gain_frontier 1 2.0177 91.5 [-0.013690659154917028, 0.07050134648747655]
llama2_b1 miss_chain2 1 1.9792 104.6 [0.0, 0.0]
llama2_b1 miss_star3 1 1.9965 106.7 [-0.022154995868659332, 0.055903460049047685]
llama2_b1 miss_tree2x2 1 2.0138 106.6 [-0.007163567833786915, 0.07642300446420541]
llama2_b1 q_path 1 1.9792 103.9 [0.0, 0.0]
llama2_b1 miss_chain1 1 1.949 103.6 [-0.07062164029399151, 0.008702116969252638]
llama2_b1 miss_chain4 1 2.0445 107.2 [0.021198638153232318, 0.10902383237238834]
llama2_b1 optimized_q_path 1 1.9792 103.2 [0.0, 0.0]
llama2_optimized combined_chain4 2 2.0774 491.2 [0.039762974682635316, 0.10202587826674284]
llama2_optimized short_k2_1_fused_bulk 2 1.7176 476.0 [-0.31901587852993485, -0.260618768498926]
llama2_optimized short_k2_1_miss2_fused_bulk 2 1.7623 490.2 [-0.2719196697238331, -0.21716512285538236]
llama2_optimized baseline 2 2.0072 445.5 [0.0, 0.0]
llama2_optimized fused 2 2.0072 510.3 [0.0, 0.0]
llama2_optimized fused_bulk 2 2.0072 505.4 [0.0, 0.0]
llama2_optimized fused_bulk_parallel 2 2.0072 504.9 [0.0, 0.0]
llama2_full dense_reach 3 2.0168 445.2 [-0.021214432057812527, 0.022110100014918952]
llama2_full dense_reach_gain_frontier 3 2.0378 462.3 [-0.001625080901763842, 0.04545798707879608]
llama2_full miss_chain4 3 2.0577 453.2 [0.017959007145967033, 0.06477938121909686]
llama2_full miss_chain1 3 1.9653 460.6 [-0.07592238963035948, -0.027036904154811126]
llama2_full miss_chain2 3 2.0167 456.3 [0.0, 0.0]
llama2_full miss_star3 3 2.0065 463.1 [-0.03273838049670388, 0.014832091032764911]
llama2_full miss_tree2x2 3 2.0343 463.3 [-0.005029259331051894, 0.04278808485812437]
llama2_full q_gain 3 2.0171 462.9 [-0.020844631015758296, 0.02315595561932737]
llama2_full q_path 3 2.0167 451.4 [0.0, 0.0]
llama2_full reach 3 2.0173 442.4 [-0.020779473195459232, 0.022576556786643817]
llama2_full reach_frontier 3 2.0308 457.0 [-0.009384045511414484, 0.03822687154890433]
llama2_full reach_gain 3 2.0295 461.5 [-0.011506468164764083, 0.036233476546421624]
llama2_full reach_gain_frontier 3 2.03 468.5 [-0.009662386787701488, 0.03606350361890948]
llama2_replica baseline 2 2.0297 441.8 [0.0, 0.0]
llama2_replica fused_bulk 2 2.0297 499.3 [0.0, 0.0]
llama3_b1 legacy_q_path 1 2.4027 85.5 [0.0, 0.0]
llama3_b1 legacy_reach_gain_frontier 1 2.4746 88.2 [0.025395988299183336, 0.12315773680076793]
llama3_b1 miss_chain2 1 2.3517 101.8 [0.0, 0.0]
llama3_b1 miss_star3 1 2.3328 103.5 [-0.06832896010173801, 0.029980851067851047]
llama3_b1 miss_tree2x2 1 2.4019 103.7 [0.003407854331332771, 0.09963578128540045]
llama3_b1 q_path 1 2.3517 101.6 [0.0, 0.0]
llama3_b1 miss_chain1 1 2.2956 101.5 [-0.10592715269192746, -0.004817491522837948]
llama3_b1 miss_chain4 1 2.4846 102.8 [0.07880154155479258, 0.18710955443704405]
llama3_b1 optimized_q_path 1 2.3517 101.0 [0.0, 0.0]
llama3_optimized combined_chain4 2 2.571 396.6 [0.13072951564521407, 0.21094419916479934]
llama3_optimized short_k2_1_fused_bulk 2 1.965 447.0 [-0.4651160408503654, -0.40188941755285335]
llama3_optimized short_k2_1_miss2_fused_bulk 2 2.0611 458.0 [-0.3703967935955083, -0.30369314678936427]
llama3_optimized baseline 2 2.3989 341.2 [0.0, 0.0]
llama3_optimized fused 2 2.3989 381.9 [0.0, 0.0]
llama3_optimized fused_bulk 2 2.3989 392.6 [0.0, 0.0]
llama3_optimized fused_bulk_parallel 2 2.3989 405.8 [0.0, 0.0]
llama3_full dense_reach 3 2.4244 358.2 [-0.013400758924143542, 0.04604643191417011]
llama3_full dense_reach_gain_frontier 3 2.46 367.2 [0.022805149210206634, 0.08343034183616639]
llama3_full miss_chain4 3 2.4968 356.3 [0.05701950966755827, 0.1193662955776221]
llama3_full miss_chain1 3 2.2914 357.0 [-0.14519909541844633, -0.0870136603247049]
llama3_full miss_chain2 3 2.4072 361.9 [0.0, 0.0]
llama3_full miss_star3 3 2.3254 369.6 [-0.11176434424132663, -0.0542669761983215]
llama3_full miss_tree2x2 3 2.436 366.8 [-0.0014512112032552316, 0.05726379935947329]
llama3_full q_gain 3 2.3867 361.3 [-0.05060836923569412, 0.009045614494807425]
llama3_full q_path 3 2.4072 360.3 [0.0, 0.0]
llama3_full reach 3 2.4365 363.7 [-0.0010466414366809053, 0.06023966971863213]
llama3_full reach_frontier 3 2.4453 360.2 [0.007133841208549397, 0.06837940643015254]
llama3_full reach_gain 3 2.4407 365.8 [0.002202656467741404, 0.0624926223393088]
llama3_full reach_gain_frontier 3 2.4538 363.9 [0.017014034605528548, 0.07608826193657088]
llama3_replica baseline 2 2.3933 341.3 [0.0, 0.0]
llama3_replica fused_bulk 2 2.3933 395.5 [0.0, 0.0]
