snapshots 49 contexts 71
{
  "curves": {
    "1": [
      0.0,
      0.7877896031283026,
      0.8657723768044387,
      0.899144831405305
    ],
    "2": [
      0.0,
      0.6461625635910475,
      0.7516984112929475,
      0.8097135474372907
    ]
  },
  "integration": {
    "1": {
      "contexts": 56,
      "raw": [
        0.0,
        0.7877896031283026,
        0.8657723768044387,
        0.899144831405305
      ],
      "se": 1.3016168684743618e-07,
      "deterministic_bound": [
        0.8976702663234685,
        0.9076965991508682
      ]
    },
    "2": {
      "contexts": 15,
      "raw": [
        0.0,
        0.6461625635910475,
        0.7516984112929475,
        0.8097135474372907
      ],
      "se": 3.6254307484903906e-08,
      "deterministic_bound": [
        0.8078592079455809,
        0.8182699841552814
      ]
    }
  },
  "wall_s": 42.378265380859375
}
